Script started on Wed Feb 25 15:36:53 2015
bash: .profile: No such file or directory
]0;user@userland: ~/proj/ucr-cs100/lecture-notesuser@userland:~/proj/ucr-cs100/lecture-notes$ [24P(reverse-i-search)`': e': exit[1@x': [3@p': expor[1@o': [1@r': [1@t':  ': export -p qwe="/sbin"[5PP': export PS1="$ ]0;user@userland: ~/proj/ucr-cs100/lecture-notesuser@userland:~/proj/ucr-cs100/lecture-notes$ export PS1="$ "
$ clear
[H[2J$ [K$ [K$ cler
bash: cler: command not found
$ [K$ [K$ [K$ clear
[H[2J$ var=test
$ echo $var
test
$ export -p var=test
$ man getnev   env
man: can't set the locale; make sure $LC_* and $LANG are correct
[?1049h[?1h=GETENV(3)            Linux Programmer's Manual           GETENV(3)[m
[m
[1mNAME[0m[m
       getenv, secure_getenv - get an environment variable[m
[m
[1mSYNOPSIS[0m[m
       [1m#include[0m [1m<stdlib.h>[0m[m
[m
       [1mchar[0m [1m*getenv(const[0m [1mchar[0m [1m*[0m[4mname[24m[1m);[0m[m
[m
       [1mchar[0m [1m*secure_getenv(const[0m [1mchar[0m [1m*[0m[4mname[24m[1m);[0m[m
[m
   Feature   Test   Macro   Requirements   for   glibc  (see  [1mfea-[0m[m
   [1mture_test_macros[0m(7)):[m
[m
       [1msecure_getenv[0m(): _GNU_SOURCE[m
[m
[1mDESCRIPTION[0m[m
       The [1mgetenv[0m() function searches the environment list to find[m
       the environment variable [4mname[24m, and returns a pointer to the[m
       corresponding [4mvalue[24m string.[m
[m
       The GNU-specific  [1msecure_getenv[0m()  function  is  just  like[m
       [1mgetenv[0m() except that it returns NULL in cases where "secure[m
[7m Manual page getenv(3) line 1 (press h for help or q to quit)[27m[K[K[?1l>[?1049l$ echo $var
test
$ echo $HOME
/home/user
$ eecho      cho $PATH
/home/user/.cabal/bin:/home/user/proj/arcanist/bin:~/.cabal/bin:~/proj/arcanist/bin:/usr/local/bin:/usr/bin:/bin:/usr/local/games:/usr/games
$ echo $PS1
$
$ echo $PS1$ [KPS1="mike iz s awesome$ "
mike is awesome$ ls
1                  jobs        pipe2.cpp
2                  lecture1    [0m[01;32mscript.sh[0m
[01;32ma.out[0m              lecture10   segfault.cpp
bitwise-quiz.cpp   lecture12   signal.cpp
check.cpp          lecture14   stat2.cpp
codereview-errors  lecture2    [01;32mstderr[0m
codereview.c       lecture4    [01;32mstupidprogram[0m
codereview.o       lecture5    test
exec.cpp           lecture7    tmp
file1              lecture8    valgrind.cpp
file2              lecture9    [01;32mwillfail[0m
fileio.cpp         ls.cpp      willfail.cpp
fptr.cpp           macros.cpp  [01;32mwillitfail[0m
getenv.cpp         map2.cpp    willitfail.cpp
[01;34mgittest[0m            out         xxxxxxxxxxxxxxxxxxxxxxxxxxxxxxxxxxxx
hw0testcases       out.stderr
iotest.cpp         out.stdout
mike is awesome$ clear
[H[2Jmike is awesome$ (reverse-i-search)`': [5Pmike is awesome$ (reverse-i-search)`': P': PS1="mike is awesome$ "[1@S': [14Pecho $PS1xport PS1="$ "[7Pmike is awesome$ export 
$ vim ~/.bas/home/user/.bashrc 
[?1049h[?1h=[1;25r[?12;25h[?12l[?25h[27m[m[H[2J[?25l[25;1H"~/.bashrc" 114L, 3487C[>c[1;1H[33m  1 [m[34m# ~/.[m[4m[34mbashrc[m[34m: executed by bash(1) for non-login shells.[m
[33m  2 [m[34m# see /[m[4m[34musr[m[34m/share/doc/bash/examples/startup-files (in the packagee[m[3;1H[33m    [m[34m bash-doc)[m
[33m  3 [m[34m# for examples[m
[33m  4 
  5 [m[34m# If not running interactively, don't do anything[m
[33m  6 case[m [35m$-[m [33min
  7 [m    *i*[33m)[m [33m;;
  8 [m      *[33m)[m [33mreturn;;
  9 esac
 10 
 11 [m[34m# don't put duplicate lines or lines starting with space in the  [m[13;1H[33m    [m[34mhistory.[m
[33m 12 [m[34m# See bash(1) for more options[m
[33m 13 [m[36mHISTCONTROL[m=ignoreboth
[33m 14 
 15 [m[34m# append to the history file, don't overwrite it[m
[33m 16 shopt[m [35m-s[m histappend
[33m 17 
 18 [m[34m# for setting history length see [m[4m[34mHISTSIZE[m[34m and [m[4m[34mHISTFILESIZE[m[34m in baa[m[21;1H[33m    [m[34msh(1)[m
[33m 19 [m[36mHISTSIZE[m=[31m10000[m
[33m 20 [m[36mHISTFILESIZE[m=[31m20000[m
[33m 21 [m[25;51H1,1[11CTop]2;.bashrc (~) - VIM]1;.bashrc[1;5H[?12l[?25hP+q436f\P+q6b75\P+q6b64\P+q6b72\P+q6b6c\P+q2332\P+q2334\P+q2569\P+q2a37\P+q6b31\[?25l[27m[m[H[2J[1;1H[33m 20 [m[36mHISTFILESIZE[m=[31m20000[m
[33m 21 
 22 [m[34m# check the window size after each command and, if necessary,[m
[33m 23 [m[34m# update the values of LINES and COLUMNS.[m
[33m 24 shopt[m [35m-s[m checkwinsize
[33m 25 
 26 [m[34m# If set, the pattern "**" used in a pathname expansion context  [m[8;1H[33m    [m[34mwill[m
[33m 27 [m[34m# match all files and zero or more directories and subdirectoriee[m[10;1H[33m    [m[34ms.[m
[33m 28 [m[34m#[m[4m[34mshopt[m[34m -[m[4m[34ms[m[34m [m[4m[34mglobstar[m
[33m 29 
 30 [m[34m# make less more friendly for non-text input files, see [m[4m[34mlesspipee[m[14;1H[33m    [m[34m(1)[m
[33m 31 [m[34m#[ -x /[m[4m[34musr[m[34m/bin/[m[4m[34mlesspipe[m[34m ] && [m[4m[34meval[m[34m "$(SHELL=/bin/sh [m[4m[34mlesspipe[m[34m)"[m
[33m 32 
 33 [m[34m# set variable identifying the [m[4m[34mchroot[m[34m you work in (used in the pp[m[18;1H[33m    [m[34mrompt below)[m
[33m 34 if [[m [33m-z[m [33m"[m[35m${debian_chroot[m[33m:-[m[35m}[m[33m"[m [33m][m [33m&&[m [33m[[m [33m-r[m /etc/debian_chroot [33m];[m [33mthee[20;1H    n
 35 [m    [36mdebian_chroot[m=[35m$(cat /etc/debian_chroot)[m
[33m 36 fi
 37 
 38 [m[34m# set a fancy prompt (non-color, unless we know we "want" color)[m[25;51H20,1[10C20%[1;5H[?12l[?25h[?25l[27m[m[H[2J[1;1H[33m 37 
 38 [m[34m# set a fancy prompt (non-color, unless we know we "want" color)[m[3;1H[33m 39 case[m [33m"[m[35m$TERM[m[33m"[m [33min
 40 [m    xterm-color[33m)[m [36mcolor_prompt[m=yes[33m;;
 41 esac
 42 
 43 [m[34m# uncomment for a colored prompt, if the terminal has the capabii[m[8;1H[33m    [m[34mlity; turned[m
[33m 44 [m[34m# off by default to not distract the user: the focus in a terminn[m[10;1H[33m    [m[34mal window[m
[33m 45 [m[34m# should be on the output of commands, not on the prompt[m
[33m 46 [m[34m#force_color_prompt=yes[m
[33m 47 
 48 if [[m [33m-n[m [33m"[m[35m$force_color_prompt[m[33m"[m [33m];[m [33mthen
 49 [m    [33mif [[m [33m-x[m /usr/bin/tput [33m][m [33m&&[m tput setaf [31m1[m [33m>&[m/dev/null[33m;[m [33mthen
 50 [m    [34m# We have color support; assume it's compliant with [m[4m[34mEcma[m[34m-48[m
[33m 51 [m    [34m# (ISO/[m[4m[34mIEC[m[34m-6429). (Lack of such support is extremely rare, aa[m[18;1H[33m    [m[34mnd such[m
[33m 52 [m    [34m# a case would tend to support [m[4m[34msetf[m[34m rather than [m[4m[34msetaf[m[34m.)[m
[33m 53 [m    [36mcolor_prompt[m=yes
[33m 54 [m    [33melse
 55 [m    [36mcolor_prompt[m=
[33m 56 [m    [33mfi
 57 fi[m[25;51H37,0-1[8C38%[1;5H[?12l[?25h[?25l[27m[m[H[2J[1;1H[33m 56 [m    [33mfi
 57 fi
 58 
 59 if [[m [33m"[m[35m$color_prompt[m[33m"[m [33m=[m [31myes[m [33m];[m [33mthen
 60 [m    [35mPS1[m[33m=[m[31m'${debian_chroot:+($debian_chroot)}\[\033[01;32m\]\u@\h\\[m[6;1H[33m    [m[31m[\033[00m\]:\[\033[01;34m\]\w\[\033[00m\]\$ '[m
[33m 61 else
 62 [m    [35mPS1[m[33m=[m[31m'${debian_chroot:+($debian_chroot)}\u@\h:\w\$ '[m
[33m 63 fi
 64 unset[m[36m color_prompt force_color_prompt[m
[33m 65 
 66 [m[34m# If this is an xterm set the title to user@host:[m[4m[34mdir[m
[33m 67 case[m [33m"[m[35m$TERM[m[33m"[m [33min
 68 [mxterm*[33m|[mrxvt*[33m)
 69 [m    [35mPS1[m[33m="[m[31m\[[m[35m\e[m[31m]0;[m[35m${debian_chroot[m[33m:+[m([35m$debian_chroot[m)[35m}[m[31m\[m[4m[31mu[m[31m@\[m[4m[31mh[m[31m: \[m[4m[31mw[m[35m\a[m[31m\][m[35m$$[m[16;1H[33m    [m[35mPS1[m[33m"
 70 [m    [33m;;
 71 [m*[33m)
 72 [m    [33m;;
 73 esac
 74 
 75 [m[34m# enable color support of ls and also add handy aliases[m
[33m 76 if [[m [33m-x[m /usr/bin/dircolors [33m];[m [33mthen
 77 [m    [33mtest[m [33m-r[m ~/.dircolors [33m&&[m [33meval[m [33m"[m[35m$(dircolors -b ~/.dircolors)[m[33m"[m[1m[34m@                                                                   [m[25;51H56,5[10C59%[1;9H[?12l[?25h[?25l[27m[m[H[2J[1;1H[33m 75 [m[34m# enable color support of ls and also add handy aliases[m
[33m 76 if [[m [33m-x[m /usr/bin/dircolors [33m];[m [33mthen
 77 [m    [33mtest[m [33m-r[m ~/.dircolors [33m&&[m [33meval[m [33m"[m[35m$(dircolors -b ~/.dircolors)[m[33m"[m  [4;1H[33m    ||[m [33meval[m [33m"[m[35m$(dircolors -b)[m[33m"
 78 [m    [33malias [m[36mls[m[33m='[m[31mls --color=auto[m[33m'
 79 [m    [34m#alias [m[4m[34mdir[m[34m='[m[4m[34mdir[m[34m --color=auto'[m
[33m 80 [m    [34m#alias [m[4m[34mvdir[m[34m='[m[4m[34mvdir[m[34m --color=auto'[m
[33m 81 
 82 [m    [34m#alias [m[4m[34mgrep[m[34m='[m[4m[34mgrep[m[34m --color=auto'[m
[33m 83 [m    [34m#alias [m[4m[34mfgrep[m[34m='[m[4m[34mfgrep[m[34m --color=auto'[m
[33m 84 [m    [34m#alias [m[4m[34megrep[m[34m='[m[4m[34megrep[m[34m --color=auto'[m
[33m 85 fi
 86 
 87 [m[34m# some more ls aliases[m
[33m 88 [m[34m#alias ll='ls -[m[4m[34ml[m[34m'[m
[33m 89 [m[34m#alias la='ls -A'[m
[33m 90 [m[34m#alias [m[4m[34ml[m[34m='ls -CF'[m
[33m 91 
 92 [m[34m# Alias definitions.[m
[33m 93 [m[34m# You may want to put all your additions into a separate file lii[m[21;1H[33m    [m[34mke[m
[33m 94 [m[34m# ~/.bash_aliases, instead of adding them here directly.[m
[33m 95 [m[34m# See /[m[4m[34musr[m[34m/share/doc/bash-doc/examples in the bash-doc package.[m
[33m 96 [m[25;51H75,1[10C80%[1;5H[?12l[?25h[?25l[27m[m[H[2J[1;1H[33m 95 [m[34m# See /[m[4m[34musr[m[34m/share/doc/bash-doc/examples in the bash-doc package.[m
[33m 96 
 97 if [[m [33m-f[m ~/.bash_aliases [33m];[m [33mthen
 98 [m   [33m . [m~/.bash_aliases
[33m 99 fi
100 
101 [m[34m# enable programmable completion features (you don't need to enaa[m[8;1H[33m    [m[34mble[m
[33m102 [m[34m# this, if it's already enabled in /[m[4m[34metc[m[34m/bash.[m[4m[34mbashrc[m[34m and /[m[4m[34metc[m[34m/proo[m[10;1H[33m    [m[34mfile[m
[33m103 [m[34m# sources /[m[4m[34metc[m[34m/bash.[m[4m[34mbashrc[m[34m).[m
[33m104 if ![m [33mshopt[m [35m-oq[m posix[33m;[m [33mthen
105 [m  [33mif [[m [33m-f[m /usr/share/bash-completion/bash_completion [33m];[m [33mthen
106 [m   [33m . [m/usr/share/bash-completion/bash_completion
[33m107 [m  [33melif[m [33m[[m [33m-f[m /etc/bash_completion [33m];[m [33mthen
108 [m   [33m . [m/etc/bash_completion
[33m109 [m  [33mfi
110 fi
111 
112 [m[34m#################################################################[m[21;1H[33m    [m[34m###############[m
[33m113 
114 . [m.profile
[1m[34m~                                                                   [m[25;51H95,1[10CBot[1;5H[?12l[?25h[?25l[27m[m[H[2J[1;1H[33m114 . [m.profile
[1m[34m~                                                                   [3;1H~                                                                   [4;1H~                                                                   [5;1H~                                                                   [6;1H~                                                                   [7;1H~                                                                   [8;1H~                                                                   [9;1H~                                                                   [10;1H~                                                                   [11;1H~                                                                   [12;1H~                                                                   [13;1H~                                                                   [14;1H~                                                                   [15;1H~                                                                   [16;1H~                                                                   [17;1H~                                                                   [18;1H~                                                                   [19;1H~                                                                   [20;1H~                                                                   [21;1H~                                                                   [22;1H~                                                                   [23;1H~                                                                   [24;1H~                                                                   [m[25;51H114,1[9CBot[1;5H[?12l[?25h[?25l[?12l[?25h[?25l[?12l[?25h[?25l[27m[m[H[2J[1;1H[33m 95 [m[34m# See /[m[4m[34musr[m[34m/share/doc/bash-doc/examples in the bash-doc package.[m
[33m 96 
 97 if [[m [33m-f[m ~/.bash_aliases [33m];[m [33mthen
 98 [m   [33m . [m~/.bash_aliases
[33m 99 fi
100 
101 [m[34m# enable programmable completion features (you don't need to enaa[m[8;1H[33m    [m[34mble[m
[33m102 [m[34m# this, if it's already enabled in /[m[4m[34metc[m[34m/bash.[m[4m[34mbashrc[m[34m and /[m[4m[34metc[m[34m/proo[m[10;1H[33m    [m[34mfile[m
[33m103 [m[34m# sources /[m[4m[34metc[m[34m/bash.[m[4m[34mbashrc[m[34m).[m
[33m104 if ![m [33mshopt[m [35m-oq[m posix[33m;[m [33mthen
105 [m  [33mif [[m [33m-f[m /usr/share/bash-completion/bash_completion [33m];[m [33mthen
106 [m   [33m . [m/usr/share/bash-completion/bash_completion
[33m107 [m  [33melif[m [33m[[m [33m-f[m /etc/bash_completion [33m];[m [33mthen
108 [m   [33m . [m/etc/bash_completion
[33m109 [m  [33mfi
110 fi
111 
112 [m[34m#################################################################[m[21;1H[33m    [m[34m###############[m
[33m113 
114 . [m.profile
[1m[34m~                                                                   [m[25;51H114,1[9CBot[23;5H[?12l[?25h[?25l[27m[m[H[2J[1;1H[33m 75 [m[34m# enable color support of ls and also add handy aliases[m
[33m 76 if [[m [33m-x[m /usr/bin/dircolors [33m];[m [33mthen
 77 [m    [33mtest[m [33m-r[m ~/.dircolors [33m&&[m [33meval[m [33m"[m[35m$(dircolors -b ~/.dircolors)[m[33m"[m  [4;1H[33m    ||[m [33meval[m [33m"[m[35m$(dircolors -b)[m[33m"
 78 [m    [33malias [m[36mls[m[33m='[m[31mls --color=auto[m[33m'
 79 [m    [34m#alias [m[4m[34mdir[m[34m='[m[4m[34mdir[m[34m --color=auto'[m
[33m 80 [m    [34m#alias [m[4m[34mvdir[m[34m='[m[4m[34mvdir[m[34m --color=auto'[m
[33m 81 
 82 [m    [34m#alias [m[4m[34mgrep[m[34m='[m[4m[34mgrep[m[34m --color=auto'[m
[33m 83 [m    [34m#alias [m[4m[34mfgrep[m[34m='[m[4m[34mfgrep[m[34m --color=auto'[m
[33m 84 [m    [34m#alias [m[4m[34megrep[m[34m='[m[4m[34megrep[m[34m --color=auto'[m
[33m 85 fi
 86 
 87 [m[34m# some more ls aliases[m
[33m 88 [m[34m#alias ll='ls -[m[4m[34ml[m[34m'[m
[33m 89 [m[34m#alias la='ls -A'[m
[33m 90 [m[34m#alias [m[4m[34ml[m[34m='ls -CF'[m
[33m 91 
 92 [m[34m# Alias definitions.[m
[33m 93 [m[34m# You may want to put all your additions into a separate file lii[m[21;1H[33m    [m[34mke[m
[33m 94 [m[34m# ~/.bash_aliases, instead of adding them here directly.[m
[33m 95 [m[34m# See /[m[4m[34musr[m[34m/share/doc/bash-doc/examples in the bash-doc package.[m
[33m 96 [m[25;51H96,0-1[8C80%[24;5H[?12l[?25h[?25l[27m[m[H[2J[1;1H[33m 55 [m    [36mcolor_prompt[m=
[33m 56 [m    [33mfi
 57 fi
 58 
 59 if [[m [33m"[m[35m$color_prompt[m[33m"[m [33m=[m [31myes[m [33m];[m [33mthen
 60 [m    [35mPS1[m[33m=[m[31m'${debian_chroot:+($debian_chroot)}\[\033[01;32m\]\u@\h\\[m[7;1H[33m    [m[31m[\033[00m\]:\[\033[01;34m\]\w\[\033[00m\]\$ '[m
[33m 61 else
 62 [m    [35mPS1[m[33m=[m[31m'${debian_chroot:+($debian_chroot)}\u@\h:\w\$ '[m
[33m 63 fi
 64 unset[m[36m color_prompt force_color_prompt[m
[33m 65 
 66 [m[34m# If this is an xterm set the title to user@host:[m[4m[34mdir[m
[33m 67 case[m [33m"[m[35m$TERM[m[33m"[m [33min
 68 [mxterm*[33m|[mrxvt*[33m)
 69 [m    [35mPS1[m[33m="[m[31m\[[m[35m\e[m[31m]0;[m[35m${debian_chroot[m[33m:+[m([35m$debian_chroot[m)[35m}[m[31m\[m[4m[31mu[m[31m@\[m[4m[31mh[m[31m: \[m[4m[31mw[m[35m\a[m[31m\][m[35m$$[m[17;1H[33m    [m[35mPS1[m[33m"
 70 [m    [33m;;
 71 [m*[33m)
 72 [m    [33m;;
 73 esac
 74 
 75 [m[34m# enable color support of ls and also add handy aliases[m
[33m 76 if [[m [33m-x[m /usr/bin/dircolors [33m];[m [33mthen[m[25;51H76,1[10C58%[24;5H[?12l[?25h[?25l[27m[m[H[2J[1;1H[33m 36 fi
 37 
 38 [m[34m# set a fancy prompt (non-color, unless we know we "want" color)[m[4;1H[33m 39 case[m [33m"[m[35m$TERM[m[33m"[m [33min
 40 [m    xterm-color[33m)[m [36mcolor_prompt[m=yes[33m;;
 41 esac
 42 
 43 [m[34m# uncomment for a colored prompt, if the terminal has the capabii[m[9;1H[33m    [m[34mlity; turned[m
[33m 44 [m[34m# off by default to not distract the user: the focus in a terminn[m[11;1H[33m    [m[34mal window[m
[33m 45 [m[34m# should be on the output of commands, not on the prompt[m
[33m 46 [m[34m#force_color_prompt=yes[m
[33m 47 
 48 if [[m [33m-n[m [33m"[m[35m$force_color_prompt[m[33m"[m [33m];[m [33mthen
 49 [m    [33mif [[m [33m-x[m /usr/bin/tput [33m][m [33m&&[m tput setaf [31m1[m [33m>&[m/dev/null[33m;[m [33mthen
 50 [m    [34m# We have color support; assume it's compliant with [m[4m[34mEcma[m[34m-48[m
[33m 51 [m    [34m# (ISO/[m[4m[34mIEC[m[34m-6429). (Lack of such support is extremely rare, aa[m[19;1H[33m    [m[34mnd such[m
[33m 52 [m    [34m# a case would tend to support [m[4m[34msetf[m[34m rather than [m[4m[34msetaf[m[34m.)[m
[33m 53 [m    [36mcolor_prompt[m=yes
[33m 54 [m    [33melse
 55 [m    [36mcolor_prompt[m=
[33m 56 [m    [33mfi[m[25;51H56,5[10C37%[24;9H[?12l[?25h[?25l[27m[m[H[2J[1;1H[33m 20 [m[36mHISTFILESIZE[m=[31m20000[m
[33m 21 
 22 [m[34m# check the window size after each command and, if necessary,[m
[33m 23 [m[34m# update the values of LINES and COLUMNS.[m
[33m 24 shopt[m [35m-s[m checkwinsize
[33m 25 
 26 [m[34m# If set, the pattern "**" used in a pathname expansion context  [m[8;1H[33m    [m[34mwill[m
[33m 27 [m[34m# match all files and zero or more directories and subdirectoriee[m[10;1H[33m    [m[34ms.[m
[33m 28 [m[34m#[m[4m[34mshopt[m[34m -[m[4m[34ms[m[34m [m[4m[34mglobstar[m
[33m 29 
 30 [m[34m# make less more friendly for non-text input files, see [m[4m[34mlesspipee[m[14;1H[33m    [m[34m(1)[m
[33m 31 [m[34m#[ -x /[m[4m[34musr[m[34m/bin/[m[4m[34mlesspipe[m[34m ] && [m[4m[34meval[m[34m "$(SHELL=/bin/sh [m[4m[34mlesspipe[m[34m)"[m
[33m 32 
 33 [m[34m# set variable identifying the [m[4m[34mchroot[m[34m you work in (used in the pp[m[18;1H[33m    [m[34mrompt below)[m
[33m 34 if [[m [33m-z[m [33m"[m[35m${debian_chroot[m[33m:-[m[35m}[m[33m"[m [33m][m [33m&&[m [33m[[m [33m-r[m /etc/debian_chroot [33m];[m [33mthee[20;1H    n
 35 [m    [36mdebian_chroot[m=[35m$(cat /etc/debian_chroot)[m
[33m 36 fi
 37 
 38 [m[34m# set a fancy prompt (non-color, unless we know we "want" color)[m[25;51H37,0-1[8C20%[23;5H[?12l[?25h[?25l[27m[m[H[2J[1;1H[33m  1 [m[34m# ~/.[m[4m[34mbashrc[m[34m: executed by bash(1) for non-login shells.[m
[33m  2 [m[34m# see /[m[4m[34musr[m[34m/share/doc/bash/examples/startup-files (in the packagee[m[3;1H[33m    [m[34m bash-doc)[m
[33m  3 [m[34m# for examples[m
[33m  4 
  5 [m[34m# If not running interactively, don't do anything[m
[33m  6 case[m [35m$-[m [33min
  7 [m    *i*[33m)[m [33m;;
  8 [m      *[33m)[m [33mreturn;;
  9 esac
 10 
 11 [m[34m# don't put duplicate lines or lines starting with space in the  [m[13;1H[33m    [m[34mhistory.[m
[33m 12 [m[34m# See bash(1) for more options[m
[33m 13 [m[36mHISTCONTROL[m=ignoreboth
[33m 14 
 15 [m[34m# append to the history file, don't overwrite it[m
[33m 16 shopt[m [35m-s[m histappend
[33m 17 
 18 [m[34m# for setting history length see [m[4m[34mHISTSIZE[m[34m and [m[4m[34mHISTFILESIZE[m[34m in baa[m[21;1H[33m    [m[34msh(1)[m
[33m 19 [m[36mHISTSIZE[m=[31m10000[m
[33m 20 [m[36mHISTFILESIZE[m=[31m20000[m
[33m 21 [m[25;51H21,0-1[8CTop[24;5H[?12l[?25h[?25l[?12l[?25h[?25l[25;51H[K[25;1H:[?12l[?25hq[?25l]2;user@userland: ~/proj/ucr-cs100/lecture-notes]1;user@userland: ~/proj/ucr-cs100/lecture-notes[25;1H[K[25;1H[?1l>[?12l[?25h[?1049l$ clear
[H[2J$ vim file
[?1049h[?1h=[1;25r[?12;25h[?12l[?25h[27m[m[H[2J[?25l[25;1H"file" [New File][>c[1;1H[33m  1 [m
[1m[34m~                                                                   [3;1H~                                                                   [4;1H~                                                                   [5;1H~                                                                   [6;1H~                                                                   [7;1H~                                                                   [8;1H~                                                                   [9;1H~                                                                   [10;1H~                                                                   [11;1H~                                                                   [12;1H~                                                                   [13;1H~                                                                   [14;1H~                                                                   [15;1H~                                                                   [16;1H~                                                                   [17;1H~                                                                   [18;1H~                                                                   [19;1H~                                                                   [20;1H~                                                                   [21;1H~                                                                   [22;1H~                                                                   [23;1H~                                                                   [24;1H~                                                                   [m[25;51H0,0-1[9CAll]2;file (~/proj/ucr-cs100/lecture-notes) - VIM]1;file[1;5H[?12l[?25hP+q436f\P+q6b75\P+q6b64\P+q6b72\P+q6b6c\P+q2332\P+q2334\P+q2569\P+q2a37\P+q6b31\[?25l[25;1H[1m-- INSERT --[m[25;13H[K[25;51H0,1[11CAll[1;5H[?12l[?25h[?25lt[25;51H1,2]2;file + (~/proj/ucr-cs100/lecture-notes) - VIM]1;file[1;6H[?12l[?25h[?25lh[25;53H3[1;7H[?12l[?25h[?25li[25;53H4[1;8H[?12l[?25h[?25ls[25;53H5[1;9H[?12l[?25h[?25l[25;53H6[1;10H[?12l[?25h[?25li[25;53H7[1;11H[?12l[?25h[?25l[25;53H8[1;12H[?12l[?25h[?25ls[25;53H9[1;13H[?12l[?25h[?25l[25;53H10[1;14H[?12l[?25h[?25l[25;53H9 [1;13H[?12l[?25h[?25l[1;12H[K[25;53H8[1;12H[?12l[?25h[?25l[25;53H7[1;11H[?12l[?25h[?25ls[25;53H8[1;12H[?12l[?25h[?25l[25;53H9[1;13H[?12l[?25h[?25la[25;53H10[1;14H[?12l[?25h[?25l[25;54H1[1;15H[?12l[?25h[?25lf[25;54H2[1;16H[?12l[?25h[?25li[25;54H3[1;17H[?12l[?25h[?25ll[25;54H4[1;18H[?12l[?25h[?25le[25;54H5[1;19H[?12l[?25h[?25l
[33m  2 [m[2;5H[K[25;51H2,1 [2;5H[?12l[?25h[?25lh[25;53H2[2;6H[?12l[?25h[?25le[25;53H3[2;7H[?12l[?25h[?25ll[25;53H4[2;8H[?12l[?25h[?25ll[25;53H5[2;9H[?12l[?25h[?25lo[25;53H6[2;10H[?12l[?25h[?25l[25;53H7[2;11H[?12l[?25h[?25lw[25;53H8[2;12H[?12l[?25h[?25lo[25;53H9[2;13H[?12l[?25h[?25lr[25;53H10[2;14H[?12l[?25h[?25ll[25;54H1[2;15H[?12l[?25h[?25ld[25;54H2[2;16H[?12l[?25h[?25l
[33m  3 [m[3;5H[K[25;51H3,1 [3;5H[?12l[?25h[?25lb[25;53H2[3;6H[?12l[?25h[?25ll[25;53H3[3;7H[?12l[?25h[?25la[25;53H4[3;8H[?12l[?25h[?25lh[25;53H5[3;9H[?12l[?25h[?25l
[33m  4 [m[4;5H[K[25;51H4,1[4;5H[?12l[?25h[?25lb[25;53H2[4;6H[?12l[?25h[?25ll[25;53H3[4;7H[?12l[?25h[?25la[25;53H4[4;8H[?12l[?25h[?25lh[25;53H5[4;9H[?12l[?25h[?25l
[33m  5 [m[5;5H[K[25;51H5,1[5;5H[?12l[?25h[?25lb[25;53H2[5;6H[?12l[?25h[?25ll[25;53H3[5;7H[?12l[?25h[?25la[25;53H4[5;8H[?12l[?25h[?25lh[25;53H5[5;9H[?12l[?25h[25;1H[K[5;8H[?25l[25;51H5,4[11CAll[5;8H[?12l[?25h[?25l[25;51H[K[25;1H:[?12l[?25hwq[?25l"file" [New] 5L, 42C written]2;user@userland: ~/proj/ucr-cs100/lecture-notes]1;user@userland: ~/proj/ucr-cs100/lecture-notes
[?1l>[?12l[?25h[?1049l$ cat d file
this is a file
hello world
blah
blah
blah
$ cat file | grep blah
blah
blah
blah
$ cat file | grep blah[1Ph[1Ph[1Ph
this is a file
hello world
blah
blah
blah
$ cat file | grep h^h[1@'^h'
hello world
$ cat file | grep '^h'[1P'H'
$ cat file | grep '^H'[1@[^[1P^[1@[H]'[1@h]'
hello world
$ echo "HELLO WORLD" >> FILE    file
$ clear
[H[2J$ clear$ echo "HELLO WORLD" >> file$ [3Pcat file | grep '^[Hh]'
hello world
HELLO WORLD
$ cat file | grep '^[Hh]'^^[Hh[Hh[HH^[Hh][1P'[1P'[1P'[1P'[1P'$'[1@h
blah
blah
blah
$ cat file | grep 'h$'[1P'[1P'^C
$ ls *\\\       cat file | grep 'h$'[1P'[1P'h'*'
this is a file
hello world
blah
blah
blah
HELLO WORLD
$ cat file | grep 'h*'h*'h*[1@x[1@x[1P[1P[1P[1P'b'l'a'h' '*' 'b'l'a'h'[1Pblah'
$ cat file | grep 'blah *blah'h*'[K$'[3@^[Hh]'$ clear[K$ echo "HELLO WORLD" >> fileD[1P[1P[1P[1P[1P[1P[1P[1P[1P[1P[1P[1P"[1@"[1@b[1@l[1@a[1@h[1@b[1@l[1@a[1@h
$ echo "blahblah" >> file[1@ 
$ echo "blah blah" >> file [1@ [1@ [1@ [1@ [1@ [1@ [1@ [1@ [1@ [1@ [1@ [1@ [1@ [1@ [1@ [1@ [1@ [1@ 
$ echo "blah                   blah" >> file$ echo "blah [18Pblah" >> file$ echo "blah[1Pblah" >> file$ cat file | grep 'blah *blah'
blahblah
blah blah
blah                   blah
$ clear
[H[2J$ clearat file | grep 'blah *blah'[1P[1@.
blahblah
blah blah
blah                   blah
$ cat file | grep 'blah.*blah'$ clear[Kat file | grep 'blah *blah'$ echo "blah                   blah" >> file[1@t[1@e[1@s[1@t
$ echo "blah       test            blah" >> file$ [18Pcat file | grep 'blah.*blah'
blahblah
blah blah
blah                   blah
blah       test            blah
$ cat file | grep 'blah.*blah'$ echo "blah       test            blah" >> file$ [18Pcat file | grep 'blah.*blah'$ clear[Kat file | grep 'blah *blah'
blahblah
blah blah
blah                   blah
$ cat file | grep 'blah *blah'$ [Kcat file | grep 'blah *blah'.*blah'$ echo "blah       test            blah" >> fileblah[1P[1P[1P[1P[1P[1P[1P[1P[1P[1P[1P[1P[1P[1P[1P[1P[1P[1P[1P[1P[1P[1P[1P[1P[1P[1P[1P[1P[1@A
$ echo "blAh" >> file[1P[1P[1@X[1@X
$ echo "bXXh" >> file$ echo "blAh" >> file$ cat file | grep 'blah *blah'ah[1P'[1P'[1P'[1P'[1P'[1P'[1P[1@.
blah
blah
blah
blahblah
blah blah
blah                   blah
blah       test            blah
blAh
$ cat file | grep 'bl.h'[1P.[1@.
blah
blah
blah
blahblah
blah blah
blah                   blah
blah       test            blah
blAh
bXXh
$ sed   clear
[H[2J$ sed ''s'/'b'l'a'h'/'B'L'A'H'
sed: -e expression #1, char 11: unterminated `s' command
$ sed 's/blah/BLAH'[1@-[1@e[1@ 
sed: -e expression #1, char 11: unterminated `s' command
$ sed -e 's/blah/BLAH'H/'
asd
asd
asd
asd
ddddd
ddddd
blah
BLAH
this is test blah this is a test blah
this is test BLAH this is a test blah
^[[A^[[A^[[A^[[B^[[1;5D^C
$ sed -e 's/blah/BLAH/'g'
this is test blah this is a test blah
this is test BLAH this is a test BLAH
^C
$ clear
[H[2J$ cat file | sed -e 's/blah/BLAH/'
this is a file
hello world
BLAH
BLAH
BLAH
HELLO WORLD
BLAHblah
BLAH blah
BLAH                   blah
BLAH       test            blah
blAh
bXXh
$ cat file | sed -e 's/blah/BLAH/'/BLAH/g'
this is a file
hello world
BLAH
BLAH
BLAH
HELLO WORLD
BLAHBLAH
BLAH BLAH
BLAH                   BLAH
BLAH       test            BLAH
blAh
bXXh
$ cat file | sed -e 's/blah/BLAH/g'lah[1P[1P[1P[1P[1@^[1@h/BLA[1P[1P[1P
this is a file
Hello world
blah
blah
blah
HELLO WORLD
blahblah
blah blah
blah                   blah
blah       test            blah
blAh
bXXh
$ [K$ [K$ wget https://github.com/fire3galaxy
--2015-02-25 16:14:33--  https://github.com/fire3galaxy
Resolving github.com (github.com)... 192.30.252.128
Connecting to github.com (github.com)|192.30.252.128|:443... connected.
HTTP request sent, awaiting response... 200 OK
Length: unspecified [text/html]
Saving to: `fire3galaxy'

    [<=>                        ] 0           --.-K/s                  [ <=>                       ] 22,721      --.-K/s   in 0.1s    

2015-02-25 16:14:34 (206 KB/s) - `fire3galaxy' saved [22721]

$ ls
1                  lecture5
2                  lecture7
[0m[01;32ma.out[0m              lecture8
bitwise-quiz.cpp   lecture9
check.cpp          ls.cpp
codereview-errors  macros.cpp
codereview.c       map2.cpp
codereview.o       out
exec.cpp           out.stderr
file               out.stdout
file1              pipe2.cpp
file2              [01;32mscript.sh[0m
fileio.cpp         segfault.cpp
fire3galaxy        signal.cpp
fptr.cpp           stat2.cpp
getenv.cpp         [01;32mstderr[0m
[01;34mgittest[0m            [01;32mstupidprogram[0m
hw0testcases       test
iotest.cpp         tmp
jobs               valgrind.cpp
lecture1           [01;32mwillfail[0m
lecture10          willfail.cpp
lecture12          [01;32mwillitfail[0m
lecture14          willitfail.cpp
lecture2           xxxxxxxxxxxxxxxxxxxxxxxxxxxxxxxxxxxx
lecture4
$ ls inde       mkdir wget
$ cd wget/
$ cd wget/$ mkdir wget$ ls[Kwget https://github.com/fire3galaxy
--2015-02-25 16:14:56--  https://github.com/fire3galaxy
Resolving github.com (github.com)... 192.30.252.130
Connecting to github.com (github.com)|192.30.252.130|:443... connected.
HTTP request sent, awaiting response... 200 OK
Length: unspecified [text/html]
Saving to: `fire3galaxy'

    [<=>                        ] 0           --.-K/s                  [ <=>                       ] 66,622       257K/s                  [  <=>                      ] 67,728       261K/s   in 0.3s    

2015-02-25 16:14:57 (261 KB/s) - `fire3galaxy' saved [67728]

$ ls
fire3galaxy
$ cat     vim fire3galaxy 
[?1049h[?1h=[1;12r[?12;25h[?12l[?25h[27m[m[H[2J[?25l[12;1H"fire3galaxy" 1015L, 67728C[>c[1;1H[33m   1 [m[34m[46m<[m[34m!DOCTYPE html[m[34m[46m>[m
[33m   2 [m[36m<[m[33mhtml[m[36m [m[32mlang[m[36m=[m[31m"en"[m[36m [m[32mclass[m[36m=[m[31m""[m[36m>[m
[33m   3 [m  [36m<[m[33mhead[m[36m prefix=[m[31m"og: http://ogp.me/ns# fb: http://ogp.me/ns/fb#  [m[4;1H[33m     [m[31mobject: http://ogp.me/ns/object# article: http://ogp.me/ns/artii[m[5;1H[33m     [m[31mcle# profile: http://ogp.me/ns/profile#"[m[36m>[m
[33m   4 [m[35m    [m[36m<[m[33mmeta[m[36m [m[32mcharset[m[36m=[m[31m'utf-8'[m[36m>[m
[33m   5 [m[35m    [m[36m<[m[33mmeta[m[36m [m[32mhttp-equiv[m[36m=[m[31m"X-UA-Compatible"[m[36m [m[32mcontent[m[36m=[m[31m"IE=edge"[m[36m>[m
[33m   6 [m[35m    [m[36m<[m[33mmeta[m[36m [m[32mhttp-equiv[m[36m=[m[31m"Content-Language"[m[36m [m[32mcontent[m[36m=[m[31m"en"[m[36m>[m
[33m   7 [m[35m    [m
[33m   8 [m[35m    [m
[33m   9 [m[35m    [m[36m<[m[33mtitle[m[36m>[m[35mFire3galaxy · GitHub[m[36m</[m[33mtitle[m[36m>[m[12;51H1,1[11CTop]2;fire3galaxy (~/proj/ucr-cs100/lecture-notes/wget) - VIM]1;fire3galaxy[1;6H[?12l[?25hP+q436f\P+q6b75\P+q6b64\P+q6b72\P+q6b6c\P+q2332\P+q2334\P+q2569\P+q2a37\P+q6b31\[?25l[27m[m[H[2J[1;1H[33m   8 [m[35m    [m
[33m   9 [m[35m    [m[36m<[m[33mtitle[m[36m>[m[35mFire3galaxy · GitHub[m[36m</[m[33mtitle[m[36m>[m
[33m  10 [m[35m    [m[36m<[m[33mlink[m[36m [m[32mrel[m[36m=[m[31m"search"[m[36m [m[32mtype[m[36m=[m[31m"application/opensearchdescription++[m[4;1H[33m     [m[31mxml"[m[36m [m[32mhref[m[36m=[m[31m"/opensearch.xml"[m[36m [m[32mtitle[m[36m=[m[31m"GitHub"[m[36m>[m
[33m  11 [m[35m    [m[36m<[m[33mlink[m[36m [m[32mrel[m[36m=[m[31m"fluid-icon"[m[36m [m[32mhref[m[36m=[m[31m"https://github.com/fluidicon.pp[m[6;1H[33m     [m[31mng"[m[36m [m[32mtitle[m[36m=[m[31m"GitHub"[m[36m>[m
[33m  12 [m[35m    [m[36m<[m[33mlink[m[36m [m[32mrel[m[36m=[m[31m"apple-touch-icon"[m[36m sizes=[m[31m"57x57"[m[36m [m[32mhref[m[36m=[m[31m"/apple-touu[m[8;1H[33m     [m[31mch-icon-114.png"[m[36m>[m
[33m  13 [m[35m    [m[36m<[m[33mlink[m[36m [m[32mrel[m[36m=[m[31m"apple-touch-icon"[m[36m sizes=[m[31m"114x114"[m[36m [m[32mhref[m[36m=[m[31m"/apple-tt[m[10;1H[33m     [m[31mouch-icon-114.png"[m[36m>[m
[33m  14 [m[35m    [m[36m<[m[33mlink[m[36m [m[32mrel[m[36m=[m[31m"apple-touch-icon"[m[36m sizes=[m[31m"72x72"[m[36m [m[32mhref[m[36m=[m[31m"/apple-tou[m[11;1H[1m[34m@                                                                   [m[12;51H8,4[12C0%[1;9H[?12l[?25h[?25l[1;11r[1;1H[6M[1;12r[1;10H[36m[46m<[m[57C[31muu[m[2;1H[33m [m[20C[36m[46m>[m


[33m  14 [m[35m    [m[36m<[m[33mlink[m[36m [m[32mrel[m[36m=[m[31m"apple-touch-icon"[m[36m sizes=[m[31m"72x72"[m[36m [m[32mhref[m[36m=[m[31m"/apple-touu[m[6;1H[33m     [m[31mch-icon-144.png"[m[36m>[m
[33m  15 [m[35m    [m[36m<[m[33mlink[m[36m [m[32mrel[m[36m=[m[31m"apple-touch-icon"[m[36m sizes=[m[31m"144x144"[m[36m [m[32mhref[m[36m=[m[31m"/apple-tt[m[8;1H[33m     [m[31mouch-icon-144.png"[m[36m>[m
[33m  16 [m[35m    [m[36m<[m[33mmeta[m[36m property=[m[31m"fb:app_id"[m[36m [m[32mcontent[m[36m=[m[31m"1401488693436528"[m[36m>[m
[33m  17 
  18 [m[35m      [m[36m<[m[33mmeta[m[36m [m[32mcontent[m[36m=[m[31m"@github"[m[36m [m[32mname[m[36m=[m[31m"twitter:site"[m[36m /><[m[33mmeta[m[36m [m[32mconte[m[11;1H[1m[34m@                                                                   [m[12;51H[K[12;51H12,5[11C1%[1;10H[?12l[?25h[?25l[27m[m[H[2J[1;1H[33m  16 [m[35m    [m[36m[46m<[m[33mmeta[m[36m property=[m[31m"fb:app_id"[m[36m [m[32mcontent[m[36m=[m[31m"1401488693436528"[m[36m[46m>[m
[33m  17 
  18 [m[35m      [m[36m<[m[33mmeta[m[36m [m[32mcontent[m[36m=[m[31m"@github"[m[36m [m[32mname[m[36m=[m[31m"twitter:site"[m[36m /><[m[33mmeta[m[36m [m[32mcontee[m[4;1H[33m     [m[32mnt[m[36m=[m[31m"profile"[m[36m [m[32mname[m[36m=[m[31m"twitter:card"[m[36m /><[m[33mmeta[m[36m [m[32mcontent[m[36m=[m[31m"Fire3galaxy"[m[36m  [m[5;1H[33m     [m[32mname[m[36m=[m[31m"twitter:title"[m[36m /><[m[33mmeta[m[36m [m[32mcontent[m[36m=[m[31m"Fire3galaxy has 7 repositt[m[6;1H[33m     [m[31mories written in Makefile, C++, and VimL. Follow their code on  [m[7;1H[33m     [m[31mGitHub."[m[36m [m[32mname[m[36m=[m[31m"twitter:description"[m[36m /><[m[33mmeta[m[36m [m[32mcontent[m[36m=[m[31m"https://avv[m[8;1H[33m     [m[31matars0.githubusercontent.com/u/5578991?v=3[m[35m&amp;[m[31ms=400"[m[36m [m[32mname[m[36m=[m[31m"twii[m[9;1H[33m     [m[31mtter:image:src"[m[36m />[m
[33m  19 [m[35m      [m[36m<[m[33mmeta[m[36m [m[32mcontent[m[36m=[m[31m"GitHub"[m[36m property=[m[31m"og:site_name"[m[36m /><[m[33mmeta[m[36m [m[32mcoo[m[11;1H[33m     [m[32mntent[m[36m=[m[31m"profile"[m[36m property=[m[31m"og:type"[m[36m /><[m[33mmeta[m[36m [m[32mcontent[m[36m=[m[31m"https://ava[m[10;1H[1m[34m@                                                                   [11;1H@                                                                   [m[12;51H16,5[11C1%[1;10H[?12l[?25h[?25l[27m[m[H[2J[1;1H[33m  19 [m[35m      [m[36m[46m<[m[33mmeta[m[36m [m[32mcontent[m[36m=[m[31m"GitHub"[m[36m property=[m[31m"og:site_name"[m[36m /[m[36m[46m>[m[36m<[m[33mmeta[m[36m [m[32mcoo[m[2;1H[33m     [m[32mntent[m[36m=[m[31m"profile"[m[36m property=[m[31m"og:type"[m[36m /><[m[33mmeta[m[36m [m[32mcontent[m[36m=[m[31m"https://avaa[m[3;1H[33m     [m[31mtars0.githubusercontent.com/u/5578991?v=3[m[35m&amp;[m[31ms=400"[m[36m property=[m[31m""[m[4;1H[33m     [m[31mog:image"[m[36m /><[m[33mmeta[m[36m [m[32mcontent[m[36m=[m[31m"Fire3galaxy"[m[36m property=[m[31m"og:title"[m[36m /><<[m[5;1H[33m     meta[m[36m [m[32mcontent[m[36m=[m[31m"https://github.com/Fire3galaxy"[m[36m property=[m[31m"og:url""[m[6;1H[33m     [m[36m /><[m[33mmeta[m[36m [m[32mcontent[m[36m=[m[31m"Fire3galaxy has 7 repositories written in Makk[m[7;1H[33m     [m[31mefile, C++, and VimL. Follow their code on GitHub."[m[36m property=[m[31m"oo[m[8;1H[33m     [m[31mg:description"[m[36m /><[m[33mmeta[m[36m [m[32mcontent[m[36m=[m[31m"Fire3galaxy"[m[36m property=[m[31m"profile::[m[9;1H[33m     [m[31musername"[m[36m />[m
[33m  20 [m[35m      [m[36m<[m[33mmeta[m[36m [m[32mname[m[36m=[m[31m"browser-stats-url"[m[36m [m[32mcontent[m[36m=[m[31m"/_stats"[m[36m>[m
[33m  21 [m[35m    [m[36m<[m[33mlink[m[36m [m[32mrel[m[36m=[m[31m"assets"[m[36m [m[32mhref[m[36m=[m[31m"https://assets-cdn.github.com/"[m[36m>[m[12;51H19,7[11C1%[1;12H[?12l[?25h[?25l[27m[m[H[2J[1;1H[33m  21 [m[35m    [m[36m[46m<[m[33mlink[m[36m [m[32mrel[m[36m=[m[31m"assets"[m[36m [m[32mhref[m[36m=[m[31m"https://assets-cdn.github.com/"[m[36m[46m>[m
[33m  22 [m[35m    [m[36m<[m[33mlink[m[36m [m[32mrel[m[36m=[m[31m"conduit-xhr"[m[36m [m[32mhref[m[36m=[m[31m"https://ghconduit.com:25035"[m[36m>[m[3;1H[33m  23 [m[35m    [m
[33m  24 [m[35m    [m[36m<[m[33mmeta[m[36m [m[32mname[m[36m=[m[31m"pjax-timeout"[m[36m [m[32mcontent[m[36m=[m[31m"1000"[m[36m>[m
[33m  25 [m[35m    [m
[33m  26 
  27 [m[35m    [m[36m<[m[33mmeta[m[36m [m[32mname[m[36m=[m[31m"msapplication-TileImage"[m[36m [m[32mcontent[m[36m=[m[31m"/windows-tilee[m[8;1H[33m     [m[31m.png"[m[36m>[m
[33m  28 [m[35m    [m[36m<[m[33mmeta[m[36m [m[32mname[m[36m=[m[31m"msapplication-TileColor"[m[36m [m[32mcontent[m[36m=[m[31m"#ffffff"[m[36m>[m
[33m  29 [m[35m    [m[36m<[m[33mmeta[m[36m [m[32mname[m[36m=[m[31m"selected-link"[m[36m [m[32mvalue[m[36m=[m[31m"/fire3galaxy"[m[36m [m[32mdata[m[36m-pjax-tt[m[11;1H[33m     [m[36mransient>[m[12;51H21,5[11C1%[1;10H[?12l[?25h[?25l[27m[m[H[2J[1;1H[33m  28 [m[35m    [m[36m[46m<[m[33mmeta[m[36m [m[32mname[m[36m=[m[31m"msapplication-TileColor"[m[36m [m[32mcontent[m[36m=[m[31m"#ffffff"[m[36m[46m>[m
[33m  29 [m[35m    [m[36m<[m[33mmeta[m[36m [m[32mname[m[36m=[m[31m"selected-link"[m[36m [m[32mvalue[m[36m=[m[31m"/fire3galaxy"[m[36m [m[32mdata[m[36m-pjax-tt[m[3;1H[33m     [m[36mransient>[m
[33m  30 [m[35m      [m[36m<[m[33mmeta[m[36m [m[32mname[m[36m=[m[31m"google-analytics"[m[36m [m[32mcontent[m[36m=[m[31m"UA-3769691-2"[m[36m>[m
[33m  31 
  32 [m[35m    [m[36m<[m[33mmeta[m[36m [m[32mcontent[m[36m=[m[31m"collector.githubapp.com"[m[36m [m[32mname[m[36m=[m[31m"octolytics-hoo[m[7;1H[33m     [m[31mst"[m[36m /><[m[33mmeta[m[36m [m[32mcontent[m[36m=[m[31m"collector-cdn.github.com"[m[36m [m[32mname[m[36m=[m[31m"octolyticss[m[8;1H[33m     [m[31m-script-host"[m[36m /><[m[33mmeta[m[36m [m[32mcontent[m[36m=[m[31m"github"[m[36m [m[32mname[m[36m=[m[31m"octolytics-app-id""[m[9;1H[33m     [m[36m /><[m[33mmeta[m[36m [m[32mcontent[m[36m=[m[31m"A9EB84CC:0FF6:12CF0A0F:54EE6638"[m[36m [m[32mname[m[36m=[m[31m"octolyy[m[10;1H[33m     [m[31mtics-dimension-request_id"[m[36m />[m
[33m  33 [m[35m    [m[12;51H28,5[11C2%[1;10H[?12l[?25h[?25l[1;11r[1;1H[5M[1;12r[1;10H[36m[46m<[m[57C[31moo[m[2;1H[33m [m[9C[36m[46m>[m[56C[31mss[m[3;1H[33m [m[66C[31m""[m[4;1H[33m [m[66C[31myy[m[5;1H[33m 

  34 [m[35m    [m[36m<[m[33mmeta[m[36m [m[32mcontent[m[36m=[m[31m"Rails, view, users#show"[m[36m [m[32mname[m[36m=[m[31m"analytics-evee[m[8;1H[33m     [m[31mnt"[m[36m />[m
[33m  35 
  36 [m[35m    [m
[33m  37 [m[35m    [m[36m<[m[33mlink[m[36m [m[32mrel[m[36m=[m[31m"icon"[m[36m [m[32mtype[m[36m=[m[31m"image/x-icon"[m[36m [m[32mhref[m[36m=[m[31m"https://assets-c[m[11;1H[1m[34m@                                                                   [m[12;51H[K[12;51H32,5[11C3%[1;10H[?12l[?25h[?25l[27m[m[H[2J[1;1H[33m  35 
  36 [m[35m    [m
[33m  37 [m[35m    [m[36m<[m[33mlink[m[36m [m[32mrel[m[36m=[m[31m"icon"[m[36m [m[32mtype[m[36m=[m[31m"image/x-icon"[m[36m [m[32mhref[m[36m=[m[31m"https://assets-cc[m[4;1H[33m     [m[31mdn.github.com/favicon.ico"[m[36m>[m
[33m  38 
  39 
  40 [m[35m    [m[36m<[m[33mmeta[m[36m [m[32mcontent[m[36m=[m[31m"authenticity_token"[m[36m [m[32mname[m[36m=[m[31m"csrf-param"[m[36m />[m
[33m  41 [m[36m<[m[33mmeta[m[36m [m[32mcontent[m[36m=[m[31m"ck068M/HKzaw7XaTR6vNJI5S+yXGOTOEuRF7p+xm2YV8WQ9qq[m[9;1H[33m     [m[31mDN0ZNGc1Dm7DPuNfzVJ5RrcSS7h0QCGCrNdZsw=="[m[36m [m[32mname[m[36m=[m[31m"csrf-token"[m[36m />[m
[33m  42 
  43 [m[35m    [m[36m<[m[33mlink[m[36m [m[32mhref[m[36m=[m[31m"https://assets-cdn.github.com/assets/github-84e[m[11;1H[1m[34m@                                                                   [m[12;51H35,0-1[9C3%[1;6H[?12l[?25h[?25l[1;11r[1;1H[7M[1;12r[1;6H[36m[46m<[m[61C[31mqq[m[2;1H[33m [m[65C[36m[46m>[m

[33m  43 [m[35m    [m[36m<[m[33mlink[m[36m [m[32mhref[m[36m=[m[31m"https://assets-cdn.github.com/assets/github-84ee[m[5;1H[33m     [m[31m4144e3c0347e1187b021a88b6bcbad5186ac898c63e26b13332c7c53504a6.cc[m[6;1H[33m     [m[31mss"[m[36m [m[32mmedia[m[36m=[m[31m"all"[m[36m [m[32mrel[m[36m=[m[31m"stylesheet"[m[36m />[m
[33m  44 [m[35m    [m[36m<[m[33mlink[m[36m [m[32mhref[m[36m=[m[31m"https://assets-cdn.github.com/assets/github2-f77[m[8;1H[33m     [m[31m073494168d35df2845fccdae3f73cb69dc51cf65c42dccd9cefb67ee814256..[m[9;1H[33m     [m[31mcss"[m[36m [m[32mmedia[m[36m=[m[31m"all"[m[36m [m[32mrel[m[36m=[m[31m"stylesheet"[m[36m />[m
[33m  45 [m[35m    [m
[33m  46 [m[35m    [m[12;51H[K[12;51H41,1[11C3%[1;6H[?12l[?25h[?25l[27m[m[H[2J[1;1H[33m  45 [m[35m    [m
[33m  46 [m[35m    [m
[33m  47 
  48 
  49 [m[35m    [m[36m<[m[33mmeta[m[36m [m[32mhttp-equiv[m[36m=[m[31m"x-pjax-version"[m[36m [m[32mcontent[m[36m=[m[31m"7111e2772642ea8cc[m[6;1H[33m     [m[31mf8f2d63836e10870"[m[36m>[m
[33m  50 
  51 [m[35m        [m[36m<[m[33mlink[m[36m [m[32mhref[m[36m=[m[31m"/Fire3galaxy.atom"[m[36m [m[32mrel[m[36m=[m[31m"alternate"[m[36m [m[32mtitle[m[36m=[m[31m"aa[m[9;1H[33m     [m[31mtom"[m[36m [m[32mtype[m[36m=[m[31m"application/atom+xml"[m[36m>[m
[33m  52 [m[35m  [m[36m<[m[33mmeta[m[36m [m[32mname[m[36m=[m[31m"description"[m[36m [m[32mcontent[m[36m=[m[31m"Fire3galaxy has 7 repositorr[m[11;1H[33m     [m[31mies written in Makefile, C++, and VimL. Follow their code on Gi[m[10;1H[1m[34m@                                                                   [11;1H@                                                                   [m[12;51H45,4[11C4%[1;9H[?12l[?25h[?25l[1;11r[1;1H[6M[1;12r[4;1H[33m  52 [m[35m  [m[36m<[m[33mmeta[m[36m [m[32mname[m[36m=[m[31m"description"[m[36m [m[32mcontent[m[36m=[m[31m"Fire3galaxy has 7 repositorr[m[5;1H[33m     [m[31mies written in Makefile, C++, and VimL. Follow their code on Gii[m[6;1H[33m     [m[31mtHub."[m[36m>[m
[33m  53 [m[35m  [m[36m<[m[33mmeta[m[36m [m[32mcontent[m[36m=[m[31m"5578991"[m[36m [m[32mname[m[36m=[m[31m"octolytics-dimension-user_id"[m[36m //[m[8;1H[33m     [m[36m><[m[33mmeta[m[36m [m[32mcontent[m[36m=[m[31m"Fire3galaxy"[m[36m [m[32mname[m[36m=[m[31m"octolytics-dimension-user_loo[m[9;1H[33m     [m[31mgin"[m[36m />[m
[33m  54 
  55 [m[35m  [m[36m</[m[33mhead[m[36m>[m[12;51H[K[12;51H50,0-1[9C4%[1;6H[?12l[?25h[?25l[27m[m[H[2J[1;1H[33m  54 
  55 [m[35m  [m[36m</[m[33mhead[m[36m>[m
[33m  56 
  57 
  58 [m  [36m<[m[33mbody[m[36m [m[32mclass[m[36m=[m[31m"logged_out  env-production   page-profile"[m[36m>[m
[33m  59 [m    [36m<[m[33ma[m[36m [m[32mhref[m[36m=[m[31m"#start-of-content"[m[36m [m[32mtabindex[m[36m=[m[31m"1"[m[36m [m[32mclass[m[36m=[m[31m"accessibilii[m[7;1H[33m     [m[31mty-aid js-skip-to-content"[m[36m>[m[4m[35mSkip to content[m[36m</[m[33ma[m[36m>[m
[33m  60 [m    [36m<[m[33mdiv[m[36m [m[32mclass[m[36m=[m[31m"wrapper"[m[36m>[m
[33m  61 
  62 
  63 [m[12;51H54,0-1[9C5%[1;6H[?12l[?25h[?25l[27m[m[H[2J[1;1H[33m  62 
  63 
  64 
  65 
  66 
  67 
  68 [m      [36m<[m[33mdiv[m[36m [m[32mclass[m[36m=[m[31m"header header-logged-out"[m[36m role=[m[31m"banner"[m[36m>[m
[33m  69 [m  [36m<[m[33mdiv[m[36m [m[32mclass[m[36m=[m[31m"container clearfix"[m[36m>[m
[33m  70 
  71 [m    [36m<[m[33ma[m[36m [m[32mclass[m[36m=[m[31m"header-logo-wordmark"[m[36m [m[32mhref[m[36m=[m[31m"https://github.com/"[m[36m  [m[11;1H[33m     [m[32mdata[m[36m-ga-click=[m[31m"(Logged out) Header, go to homepage, icon:logo-w[m[10;1H[1m[34m@                                                                   [11;1H@                                                                   [m[12;51H62,6[11C6%[1;11H[?12l[?25h[?25l[1;11r[1;1H[7M[1;12r[1;8H[36m[46m<[30C>[m

[33m  71 [m    [36m<[m[33ma[m[36m [m[32mclass[m[36m=[m[31m"header-logo-wordmark"[m[36m [m[32mhref[m[36m=[m[31m"https://github.com/"[m[36m  [m[4;1H[33m     [m[32mdata[m[36m-ga-click=[m[31m"(Logged out) Header, go to homepage, icon:logo-ww[m[5;1H[33m     [m[31mordmark"[m[36m>[m
[33m  72 [m[4m[35m      [m[36m<[m[33mspan[m[36m [m[32mclass[m[36m=[m[31m"mega-octicon octicon-logo-github"[m[36m></[m[33mspan[m[36m>[m
[33m  73 [m[4m[35m    [m[36m</[m[33ma[m[36m>[m
[33m  74 
  75 [m    [36m<[m[33mdiv[m[36m [m[32mclass[m[36m=[m[31m"header-actions"[m[36m role=[m[31m"navigation"[m[36m>[m
[33m  76 [m[8C[36m<[m[33ma[m[36m [m[32mclass[m[36m=[m[31m"button primary"[m[36m [m[32mhref[m[36m=[m[31m"/join"[m[36m [m[32mdata[m[36m-ga-click=[m[31m"(([m[11;1H[33m     [m[31mLogged out) Header, clicked Sign up, text:sign-up"[m[36m>[m[4m[35mSign up[m[36m</[m[33ma[m[36m>[m[12;51H[K[12;51H69,3[11C6%[1;8H[?12l[?25h[?25l[27m[m[H[2J[1;1H[33m  75 [m    [36m[46m<[m[33mdiv[m[36m [m[32mclass[m[36m=[m[31m"header-actions"[m[36m role=[m[31m"navigation"[m[36m[46m>[m
[33m  76 [m[8C[36m<[m[33ma[m[36m [m[32mclass[m[36m=[m[31m"button primary"[m[36m [m[32mhref[m[36m=[m[31m"/join"[m[36m [m[32mdata[m[36m-ga-click=[m[31m"(([m[3;1H[33m     [m[31mLogged out) Header, clicked Sign up, text:sign-up"[m[36m>[m[4m[35mSign up[m[36m</[m[33ma[m[36m>[m
[33m  77 [m      [36m<[m[33ma[m[36m [m[32mclass[m[36m=[m[31m"button"[m[36m [m[32mhref[m[36m=[m[31m"/login?return_to=%2Ffire3galaxy"[m[36m  [m[5;1H[33m     [m[32mdata[m[36m-ga-click=[m[31m"(Logged out) Header, clicked Sign in, text:sign--[m[6;1H[33m     [m[31min"[m[36m>[m[4m[35mSign in[m[36m</[m[33ma[m[36m>[m
[33m  78 [m    [36m</[m[33mdiv[m[36m>[m
[33m  79 
  80 [m    [36m<[m[33mdiv[m[36m [m[32mclass[m[36m=[m[31m"site-search  js-site-search"[m[36m role=[m[31m"search"[m[36m>[m
[33m  81 [m      [36m<[m[33mform[m[36m [m[32maccept[m[36m-[m[32mcharset[m[36m=[m[31m"UTF-8"[m[36m [m[32maction[m[36m=[m[31m"/search"[m[36m [m[32mclass[m[36m=[m[31m"js-ss[m[11;1H[33m     [m[31mite-search-form"[m[36m [m[32mdata[m[36m-global-search-[m[32murl[m[36m=[m[31m"/search"[m[36m [m[32mdata[m[36m-repo-sea[m[10;1H[1m[34m@                                                                   [11;1H@                                                                   [m[12;51H75,5[11C7%[1;10H[?12l[?25h[?25l[1;11r[1;1H[7M[1;12r[3;1H[33m  81 [m      [36m<[m[33mform[m[36m [m[32maccept[m[36m-[m[32mcharset[m[36m=[m[31m"UTF-8"[m[36m [m[32maction[m[36m=[m[31m"/search"[m[36m [m[32mclass[m[36m=[m[31m"js-ss[m[4;1H[33m     [m[31mite-search-form"[m[36m [m[32mdata[m[36m-global-search-[m[32murl[m[36m=[m[31m"/search"[m[36m [m[32mdata[m[36m-repo-seaa[m[5;1H[33m     [m[36mrch-[m[32murl[m[36m=[m[31m""[m[36m [m[32mmethod[m[36m=[m[31m"get"[m[36m><[m[33mdiv[m[36m [m[32mstyle[m[36m=[m[31m"margin:0;padding:0;display::[m[6;1H[33m     [m[31minline"[m[36m><[m[33minput[m[36m [m[32mname[m[36m=[m[31m"utf8"[m[36m [m[32mtype[m[36m=[m[31m"hidden"[m[36m [m[32mvalue[m[36m=[m[31m"[m[35m&#x2713;[m[31m"[m[36m /></[m[33mdd[7;1H     iv[m[36m>[m
[33m  82 [m  [36m<[m[33minput[m[36m [m[32mtype[m[36m=[m[31m"text"[m
[33m  83 [m[36m    [m[32mclass[m[36m=[m[31m""[m
[33m  84 [m[36m    [m[32mdata[m[36m-hotkey=[m[31m"s"[m
[33m  85 [m[36m    [m[32mname[m[36m=[m[31m"q"[m[12;51H[K[12;51H79,0-1[9C7%[1;6H[?12l[?25h[?25l[12;51H[K[12;1H:[?12l[?25hq[?25l]2;user@userland: ~/proj/ucr-cs100/lecture-notes]1;user@userland: ~/proj/ucr-cs100/lecture-notes[12;1H[K[12;1H[?1l>[?12l[?25h[?1049l$ vim fire3galaxy $ [Kkonqueror fier  re3galaxy 

(process:9873): Gtk-WARNING **: Locale not supported by C library.
	Using the fallback 'C' locale.
konqueror(9873)/kdecore (KLibrary) findLibraryInternal: plugins should not have a 'lib' prefix: "libkhtmlpart.so"
QPainter::begin: Widget painting can only begin as a result of a paintEvent
QPainter::translate: Painter not active
QPainter::setClipRect: Painter not active
QPainter::hasClipping: Painter not active
QPainter::setPen: Painter not active
QPainter::setBrush: Painter not active
QPainter::drawRects: Painter not active
$ clear
[H[2J$ clear$ konqueror fire3galaxy $ [6Pvim fire3galaxy $ [6@konqueror fire3galaxy $ clear[K$ [Kcat fire3galaxy | grep animated-bear'[1@'
      <a href="/Fire3galaxy/animated-bear" class="mini-repo-list-item css-truncate">
<span class="repo" title="animated-bear">animated-bear</span>
$ cat fire3galaxy | grep 'animated-bear'[1P'[1P'[1P'[1P'[1P'[1P'[1P'[1P'[1P'[1P'[1P'[1P'[1P'<'s'p'a'n' 'c'l'a's's'='"'r'e'p'o'"' 't'i't'l'e'='
<span class="repo" title="animated-bear">animated-bear</span>
<span class="repo" title="cs100">cs100</span>
<span class="repo" title="git-game">git-game</span>
<span class="repo" title="P1NG">P1NG</span>
<span class="repo" title="rshell">rshell</span>
        <span class="owner css-truncate-target" title="mikeizbicki">mikeizbicki</span>/<span class="repo" title="ucr-cs100">ucr-cs100</span>
        <span class="owner css-truncate-target" title="shivani1494">shivani1494</span>/<span class="repo" title="F-Unaddict">F-Unaddict</span>
        <span class="owner css-truncate-target" title="NisreenFarhoud">NisreenFarhoud</span>/<span class="repo" title="rshell">rshell</span>
$ [K$ [K$ [K$ cat fire3galaxy | grep '<span class="repo" title='
<span class="repo" title="animated-bear">animated-bear</span>
<span class="repo" title="cs100">cs100</span>
<span class="repo" title="git-game">git-game</span>
<span class="repo" title="P1NG">P1NG</span>
<span class="repo" title="rshell">rshell</span>
        <span class="owner css-truncate-target" title="mikeizbicki">mikeizbicki</span>/<span class="repo" title="ucr-cs100">ucr-cs100</span>
        <span class="owner css-truncate-target" title="shivani1494">shivani1494</span>/<span class="repo" title="F-Unaddict">F-Unaddict</span>
        <span class="owner css-truncate-target" title="NisreenFarhoud">NisreenFarhoud</span>/<span class="repo" title="rshell">rshell</span>
$ [K$ [K$ [K$ [K$ clear
[H[2J$ [K$ clearat fire3galaxy | grep '<span class="repo" title='
<span class="repo" title="animated-bear">animated-bear</span>
<span class="repo" title="cs100">cs100</span>
<span class="repo" title="git-game">git-game</span>
<span class="repo" title="P1NG">P1NG</span>
<span class="repo" title="rshell">rshell</span>
        <span class="owner css-truncate-target" title="mikeizbicki">mikeizbicki</span>/<span class="repo" title="ucr-cs100">ucr-cs100</span>
        <span class="owner css-truncate-target" title="shivani1494">shivani1494</span>/<span class="repo" title="F-Unaddict">F-Unaddict</span>
        <span class="owner css-truncate-target" title="NisreenFarhoud">NisreenFarhoud</span>/<span class="repo" title="rshell">rshell</span>
$ cat fire3galaxy | grep '<span class="repo" title='[1@^
<span class="repo" title="animated-bear">animated-bear</span>
<span class="repo" title="cs100">cs100</span>
<span class="repo" title="git-game">git-game</span>
<span class="repo" title="P1NG">P1NG</span>
<span class="repo" title="rshell">rshell</span>
$ cat fire3galaxy | grep '^<span class="repo" title=' | sed 's/'/'/''/'            > grepped
$ cat grepped | sed 's' ///'[1@<[1@.[1@*[1@>//'





$ cat grepped | sed 's/<.*>//'[1@"
animated-bear</span>
cs100</span>
git-game</span>
P1NG</span>
rshell</span>
$ cat grepped | sed 's/<.*">//'/g'
animated-bear</span>
cs100</span>
git-game</span>
P1NG</span>
rshell</span>
$ cat grepped | sed 's/<.*">//g'[1P''"[1P





$ cat grepped | sed 's/<.*>//'                 
<span class="repo" title="animated-bear">animated-bear</span>
<span class="repo" title="cs100">cs100</span>
<span class="repo" title="git-game">git-game</span>
<span class="repo" title="P1NG">P1NG</span>
<span class="repo" title="rshell">rshell</span>
$ cat grepped | sed 's/<.*>//'[2@">//g' | sed 's/<.*>'/'/'
animated-bear
cs100
git-game
P1NG
rshell
$ cat grepped | sed 's/<.*">//g' | sed 's/<.*>//'$ cat grepped[K | sed 's/<.*>//'[2@">//g'[1P'[1P>//'$ cat fire3galaxy | grep '^<span class="repo" title=' > grepped[K > grepped$ cat [33Pgrepped | sed 's/<.*>//'$ cat fire3galaxy | grep '^<span class="repo" title=' > grepped         | sed 's/<.*"> //g' | sed 's/<.*>//'
animated-bear
cs100
git-game
P1NG
rshell
$ clear
[H[2J$ clearat fire3galaxy | grep '^<span class="repo" title=' | sed 's/<.*">///g' | sed 's/<.*>//'[A$ clear[K
[K[A$ clearat fire3galaxy | grep '^<span class="repo" title=' | sed 's/<.*">///g' | sed 's/<.*>//'                     [A$ cat fire3galaxy | grep '^<span class="repo" title=' | sed 's/<.*"> [K[A$ cat fire3galaxy | grep '^<span class="repo" title=' | sed 's/<.*"[K
[K[A$ cat fire3galaxy | grep '^<span class="repo" title=' | sed 's/<.*"                                                                 [K$ ls /proc
[0m[01;34m1[0m      [01;34m183[0m    [01;34m23422[0m  [01;34m25689[0m  [01;34m3060[0m  [01;34m3573[0m  [01;34m957[0m          loadavg
[01;34m11024[0m  [01;34m1831[0m   [01;34m23423[0m  [01;34m25690[0m  [01;34m3061[0m  [01;34m3577[0m  [01;34m9635[0m         locks
[01;34m11216[0m  [01;34m184[0m    [01;34m23429[0m  [01;34m26[0m     [01;34m3062[0m  [01;34m3579[0m  [01;34m9894[0m         meminfo
[01;34m11366[0m  [01;34m185[0m    [01;34m2343[0m   [01;34m26592[0m  [01;34m3063[0m  [01;34m3583[0m  [01;34macpi[0m         misc
[01;34m12043[0m  [01;34m186[0m    [01;34m23445[0m  [01;34m26840[0m  [01;34m3079[0m  [01;34m3585[0m  [01;34masound[0m       modules
[01;34m12503[0m  [01;34m187[0m    [01;34m23446[0m  [01;34m27[0m     [01;34m3083[0m  [01;34m3587[0m  buddyinfo    [01;36mmounts[0m
[01;34m13178[0m  [01;34m1870[0m   [01;34m2348[0m   [01;34m2702[0m   [01;34m31[0m    [01;34m3589[0m  [01;34mbus[0m          mtrr
[01;34m132[0m    [01;34m1901[0m   [01;34m2359[0m   [01;34m2703[0m   [01;34m3168[0m  [01;34m3591[0m  cgroups      [01;36mnet[0m
[01;34m13469[0m  [01;34m1906[0m   [01;34m23927[0m  [01;34m2713[0m   [01;34m32[0m    [01;34m3593[0m  cmdline      pagetypeinfo
[01;34m13470[0m  [01;34m1908[0m   [01;34m23928[0m  [01;34m2780[0m   [01;34m33[0m    [01;34m3604[0m  consoles     partitions
[01;34m13472[0m  [01;34m1915[0m   [01;34m23930[0m  [01;34m28[0m     [01;34m3319[0m  [01;34m3608[0m  cpuinfo      sched_debug
[01;34m13485[0m  [01;34m19161[0m  [01;34m23986[0m  [01;34m2803[0m   [01;34m3348[0m  [01;34m3612[0m  crypto       [01;36mself[0m
[01;34m13486[0m  [01;34m1921[0m   [01;34m23987[0m  [01;34m2825[0m   [01;34m3350[0m  [01;34m3623[0m  devices      slabinfo
[01;34m13506[0m  [01;34m19385[0m  [01;34m23989[0m  [01;34m2844[0m   [01;34m3377[0m  [01;34m372[0m   diskstats    softirqs
[01;34m13533[0m  [01;34m19386[0m  [01;34m24[0m     [01;34m2884[0m   [01;34m3379[0m  [01;34m4602[0m  dma          stat
[01;34m13746[0m  [01;34m19388[0m  [01;34m2415[0m   [01;34m29[0m     [01;34m3395[0m  [01;34m4624[0m  [01;34mdri[0m          swaps
[01;34m13992[0m  [01;34m2[0m      [01;34m24301[0m  [01;34m2900[0m   [01;34m34[0m    [01;34m5010[0m  [01;34mdriver[0m       [01;34msys[0m
[01;34m13993[0m  [01;34m20845[0m  [01;34m24348[0m  [01;34m2913[0m   [01;34m3439[0m  [01;34m5018[0m  execdomains  sysrq-trigger
[01;34m13995[0m  [01;34m21[0m     [01;34m24565[0m  [01;34m2920[0m   [01;34m3440[0m  [01;34m5021[0m  fb           [01;34msysvipc[0m
[01;34m14082[0m  [01;34m21882[0m  [01;34m24567[0m  [01;34m2925[0m   [01;34m3443[0m  [01;34m5023[0m  filesystems  timer_list
[01;34m14425[0m  [01;34m22[0m     [01;34m24568[0m  [01;34m2942[0m   [01;34m3444[0m  [01;34m5246[0m  [01;34mfs[0m           timer_stats
[01;34m152[0m    [01;34m2209[0m   [01;34m24570[0m  [01;34m2960[0m   [01;34m3445[0m  [01;34m536[0m   interrupts   [01;34mtty[0m
[01;34m15331[0m  [01;34m227[0m    [01;34m24756[0m  [01;34m2961[0m   [01;34m3451[0m  [01;34m5365[0m  iomem        uptime
[01;34m15547[0m  [01;34m228[0m    [01;34m25[0m     [01;34m3[0m      [01;34m3463[0m  [01;34m558[0m   ioports      version
[01;34m15994[0m  [01;34m23[0m     [01;34m2516[0m   [01;34m30[0m     [01;34m3469[0m  [01;34m559[0m   [01;34mirq[0m          vmallocinfo
[01;34m16109[0m  [01;34m23412[0m  [01;34m2520[0m   [01;34m3001[0m   [01;34m3505[0m  [01;34m6[0m     kallsyms     vmstat
[01;34m16220[0m  [01;34m23414[0m  [01;34m25345[0m  [01;34m3022[0m   [01;34m3507[0m  [01;34m664[0m   kcore        zoneinfo
[01;34m16700[0m  [01;34m23415[0m  [01;34m25404[0m  [01;34m3028[0m   [01;34m3508[0m  [01;34m665[0m   key-users
[01;34m16704[0m  [01;34m23416[0m  [01;34m25408[0m  [01;34m3031[0m   [01;34m3514[0m  [01;34m667[0m   keys
[01;34m17873[0m  [01;34m23418[0m  [01;34m25409[0m  [01;34m3057[0m   [01;34m3524[0m  [01;34m7[0m     kmsg
[01;34m182[0m    [01;34m23419[0m  [01;34m2543[0m   [01;34m3058[0m   [01;34m3537[0m  [01;34m8330[0m  kpagecount
[01;34m18243[0m  [01;34m23420[0m  [01;34m25688[0m  [01;34m3059[0m   [01;34m3542[0m  [01;34m8879[0m  kpageflags
$ ls   s /dev
[0m[01;36mMAKEDEV[0m          [40;33;01mloop6[0m               [01;36mstdin[0m   [40;33;01mtty36[0m  [40;33;01mtty9[0m
[40;33;01magpgart[0m          [40;33;01mloop7[0m               [01;36mstdout[0m  [40;33;01mtty37[0m  [40;33;01mttyS0[0m
[40;33;01mautofs[0m           [01;34mmapper[0m              [40;33;01mtty[0m     [40;33;01mtty38[0m  [40;33;01mttyS1[0m
[01;34mblock[0m            [40;33;01mmcelog[0m              [40;33;01mtty0[0m    [40;33;01mtty39[0m  [40;33;01mttyS2[0m
[01;34mbsg[0m              [40;33;01mmedia0[0m              [40;33;01mtty1[0m    [40;33;01mtty4[0m   [40;33;01mttyS3[0m
[40;33;01mbtrfs-control[0m    [40;33;01mmem[0m                 [40;33;01mtty10[0m   [40;33;01mtty40[0m  [40;33;01muinput[0m
[01;34mbus[0m              [01;34mnet[0m                 [40;33;01mtty11[0m   [40;33;01mtty41[0m  [40;33;01murandom[0m
[01;36mcdrom[0m            [40;33;01mnetwork_latency[0m     [40;33;01mtty12[0m   [40;33;01mtty42[0m  [01;34mv4l[0m
[01;36mcdrw[0m             [40;33;01mnetwork_throughput[0m  [40;33;01mtty13[0m   [40;33;01mtty43[0m  [40;33;01mvcs[0m
[01;34mchar[0m             [40;33;01mnull[0m                [40;33;01mtty14[0m   [40;33;01mtty44[0m  [40;33;01mvcs1[0m
[40;33;01mconsole[0m          [40;33;01moldmem[0m              [40;33;01mtty15[0m   [40;33;01mtty45[0m  [40;33;01mvcs2[0m
[01;36mcore[0m             [40;33;01mport[0m                [40;33;01mtty16[0m   [40;33;01mtty46[0m  [40;33;01mvcs3[0m
[01;34mcpu[0m              [40;33;01mppp[0m                 [40;33;01mtty17[0m   [40;33;01mtty47[0m  [40;33;01mvcs4[0m
[40;33;01mcpu_dma_latency[0m  [40;33;01mpsaux[0m               [40;33;01mtty18[0m   [40;33;01mtty48[0m  [40;33;01mvcs5[0m
[01;34mdisk[0m             [40;33;01mptmx[0m                [40;33;01mtty19[0m   [40;33;01mtty49[0m  [40;33;01mvcs6[0m
[01;34mdri[0m              [01;34mpts[0m                 [40;33;01mtty2[0m    [40;33;01mtty5[0m   [40;33;01mvcs63[0m
[01;36mdvd[0m              [40;33;01mrandom[0m              [40;33;01mtty20[0m   [40;33;01mtty50[0m  [40;33;01mvcs7[0m
[01;36mdvdrw[0m            [40;33;01mrfkill[0m              [40;33;01mtty21[0m   [40;33;01mtty51[0m  [40;33;01mvcsa[0m
[40;33;01mfb0[0m              [01;36mroot[0m                [40;33;01mtty22[0m   [40;33;01mtty52[0m  [40;33;01mvcsa1[0m
[01;36mfd[0m               [01;36mrtc[0m                 [40;33;01mtty23[0m   [40;33;01mtty53[0m  [40;33;01mvcsa2[0m
[40;33;01mfull[0m             [40;33;01mrtc0[0m                [40;33;01mtty24[0m   [40;33;01mtty54[0m  [40;33;01mvcsa3[0m
[40;33;01mfuse[0m             [40;33;01msda[0m                 [40;33;01mtty25[0m   [40;33;01mtty55[0m  [40;33;01mvcsa4[0m
[40;33;01mhpet[0m             [40;33;01msda1[0m                [40;33;01mtty26[0m   [40;33;01mtty56[0m  [40;33;01mvcsa5[0m
[01;34minput[0m            [40;33;01msda2[0m                [40;33;01mtty27[0m   [40;33;01mtty57[0m  [40;33;01mvcsa6[0m
[40;33;01mkmsg[0m             [40;33;01msda5[0m                [40;33;01mtty28[0m   [40;33;01mtty58[0m  [40;33;01mvcsa63[0m
[01;35mlog[0m              [40;33;01msg0[0m                 [40;33;01mtty29[0m   [40;33;01mtty59[0m  [40;33;01mvcsa7[0m
[40;33;01mloop-control[0m     [40;33;01msg1[0m                 [40;33;01mtty3[0m    [40;33;01mtty6[0m   [40;33;01mvga_arbiter[0m
[40;33;01mloop0[0m            [01;36mshm[0m                 [40;33;01mtty30[0m   [40;33;01mtty60[0m  [40;33;01mvideo0[0m
[40;33;01mloop1[0m            [40;33;01msnapshot[0m            [40;33;01mtty31[0m   [40;33;01mtty61[0m  [40;33;01mwatchdog[0m
[40;33;01mloop2[0m            [01;34msnd[0m                 [40;33;01mtty32[0m   [40;33;01mtty62[0m  [40;33mxconsole[0m
[40;33;01mloop3[0m            [01;36msndstat[0m             [40;33;01mtty33[0m   [40;33;01mtty63[0m  [40;33;01mzero[0m
[40;33;01mloop4[0m            [40;33;01msr0[0m                 [40;33;01mtty34[0m   [40;33;01mtty7[0m
[40;33;01mloop5[0m            [01;36mstderr[0m              [40;33;01mtty35[0m   [40;33;01mtty8[0m
$ ls /dev       clear
[H[2J$ ping google.com
PING google.com (74.125.224.34) 56(84) bytes of data.
64 bytes from lax17s01-in-f2.1e100.net (74.125.224.34): icmp_req=1 ttl=57 time=7.82 ms
64 bytes from lax17s01-in-f2.1e100.net (74.125.224.34): icmp_req=2 ttl=57 time=8.29 ms
64 bytes from lax17s01-in-f2.1e100.net (74.125.224.34): icmp_req=3 ttl=57 time=8.05 ms
64 bytes from lax17s01-in-f2.1e100.net (74.125.224.34): icmp_req=4 ttl=57 time=8.82 ms
64 bytes from lax17s01-in-f2.1e100.net (74.125.224.34): icmp_req=5 ttl=57 time=7.84 ms
64 bytes from lax17s01-in-f2.1e100.net (74.125.224.34): icmp_req=6 ttl=57 time=8.46 ms
64 bytes from lax17s01-in-f2.1e100.net (74.125.224.34): icmp_req=7 ttl=57 time=8.33 ms
64 bytes from lax17s01-in-f2.1e100.net (74.125.224.34): icmp_req=8 ttl=57 time=8.05 ms
64 bytes from lax17s01-in-f2.1e100.net (74.125.224.34): icmp_req=9 ttl=57 time=9.16 ms
64 bytes from lax17s01-in-f2.1e100.net (74.125.224.34): icmp_req=10 ttl=57 time=7.89 ms
64 bytes from lax17s01-in-f2.1e100.net (74.125.224.34): icmp_req=11 ttl=57 time=8.16 ms
64 bytes from lax17s01-in-f2.1e100.net (74.125.224.34): icmp_req=12 ttl=57 time=7.79 ms
64 bytes from lax17s01-in-f2.1e100.net (74.125.224.34): icmp_req=13 ttl=57 time=7.94 ms
64 bytes from lax17s01-in-f2.1e100.net (74.125.224.34): icmp_req=14 ttl=57 time=8.04 ms
64 bytes from lax17s01-in-f2.1e100.net (74.125.224.34): icmp_req=15 ttl=57 time=7.88 ms
64 bytes from lax17s01-in-f2.1e100.net (74.125.224.34): icmp_req=16 ttl=57 time=7.91 ms
64 bytes from lax17s01-in-f2.1e100.net (74.125.224.34): icmp_req=17 ttl=57 time=10.7 ms
64 bytes from lax17s01-in-f2.1e100.net (74.125.224.34): icmp_req=18 ttl=57 time=8.19 ms
64 bytes from lax17s01-in-f2.1e100.net (74.125.224.34): icmp_req=19 ttl=57 time=8.76 ms
64 bytes from lax17s01-in-f2.1e100.net (74.125.224.34): icmp_req=20 ttl=57 time=7.86 ms
64 bytes from lax17s01-in-f2.1e100.net (74.125.224.34): icmp_req=21 ttl=57 time=9.81 ms
64 bytes from lax17s01-in-f2.1e100.net (74.125.224.34): icmp_req=22 ttl=57 time=8.47 ms
64 bytes from lax17s01-in-f2.1e100.net (74.125.224.34): icmp_req=23 ttl=57 time=8.08 ms
64 bytes from lax17s01-in-f2.1e100.net (74.125.224.34): icmp_req=24 ttl=57 time=9.58 ms
64 bytes from lax17s01-in-f2.1e100.net (74.125.224.34): icmp_req=25 ttl=57 time=8.88 ms
64 bytes from lax17s01-in-f2.1e100.net (74.125.224.34): icmp_req=26 ttl=57 time=8.31 ms
64 bytes from lax17s01-in-f2.1e100.net (74.125.224.34): icmp_req=27 ttl=57 time=7.83 ms
64 bytes from lax17s01-in-f2.1e100.net (74.125.224.34): icmp_req=28 ttl=57 time=8.69 ms
^C
--- google.com ping statistics ---
28 packets transmitted, 28 received, 0% packet loss, time 27044ms
rtt min/avg/max/mdev = 7.794/8.422/10.792/0.699 ms
$ ping google.com  n
PING google.cn (173.194.79.160) 56(84) bytes of data.
64 bytes from pb-in-f160.1e100.net (173.194.79.160): icmp_req=1 ttl=46 time=33.4 ms
64 bytes from pb-in-f160.1e100.net (173.194.79.160): icmp_req=2 ttl=46 time=35.7 ms
64 bytes from pb-in-f160.1e100.net (173.194.79.160): icmp_req=3 ttl=46 time=41.9 ms
64 bytes from pb-in-f160.1e100.net (173.194.79.160): icmp_req=4 ttl=46 time=36.1 ms
64 bytes from pb-in-f160.1e100.net (173.194.79.160): icmp_req=5 ttl=46 time=35.2 ms
64 bytes from pb-in-f160.1e100.net (173.194.79.160): icmp_req=6 ttl=46 time=35.3 ms
64 bytes from pb-in-f160.1e100.net (173.194.79.160): icmp_req=7 ttl=46 time=40.1 ms
64 bytes from pb-in-f160.1e100.net (173.194.79.160): icmp_req=8 ttl=46 time=34.6 ms
64 bytes from pb-in-f160.1e100.net (173.194.79.160): icmp_req=9 ttl=46 time=35.7 ms
64 bytes from pb-in-f160.1e100.net (173.194.79.160): icmp_req=10 ttl=46 time=33.5 ms
64 bytes from pb-in-f160.1e100.net (173.194.79.160): icmp_req=11 ttl=46 time=34.8 ms
64 bytes from pb-in-f160.1e100.net (173.194.79.160): icmp_req=12 ttl=46 time=34.7 ms
64 bytes from pb-in-f160.1e100.net (173.194.79.160): icmp_req=13 ttl=46 time=34.7 ms
64 bytes from pb-in-f160.1e100.net (173.194.79.160): icmp_req=14 ttl=46 time=51.1 ms
64 bytes from pb-in-f160.1e100.net (173.194.79.160): icmp_req=15 ttl=46 time=34.7 ms
64 bytes from pb-in-f160.1e100.net (173.194.79.160): icmp_req=16 ttl=46 time=35.3 ms
64 bytes from pb-in-f160.1e100.net (173.194.79.160): icmp_req=17 ttl=46 time=34.8 ms
64 bytes from pb-in-f160.1e100.net (173.194.79.160): icmp_req=18 ttl=46 time=38.3 ms
64 bytes from pb-in-f160.1e100.net (173.194.79.160): icmp_req=19 ttl=46 time=34.8 ms
^C
--- google.cn ping statistics ---
19 packets transmitted, 19 received, 0% packet loss, time 18026ms
rtt min/avg/max/mdev = 33.425/36.608/51.147/4.012 ms
$ clear
[H[2J$ ping google.com               whois google.com

Whois Server Version 2.0

Domain names in the .com and .net domains can now be registered
with many different competing registrars. Go to http://www.internic.net
for detailed information.

Aborting search 50 records found .....
   Server Name: GOOGLE.COM.87937.COM
   IP Address: 91.218.229.20
   Registrar: REGISTRAR OF DOMAIN NAMES REG.RU LLC
   Whois Server: whois.reg.ru
   Referral URL: http://www.reg.ru

   Server Name: GOOGLE.COM.AFRICANBATS.ORG
   Registrar: TUCOWS DOMAINS INC.
   Whois Server: whois.tucows.com
   Referral URL: http://www.tucowsdomains.com

   Server Name: GOOGLE.COM.AR
   Registrar: ENOM, INC.
   Whois Server: whois.enom.com
   Referral URL: http://www.enom.com

   Server Name: GOOGLE.COM.AU
   Registrar: PLANETDOMAIN PTY LTD.
   Whois Server: whois.planetdomain.com
   Referral URL: http://www.planetdomain.com

   Server Name: GOOGLE.COM.BAISAD.COM
   IP Address: 91.218.229.20
   Registrar: REGISTRAR OF DOMAIN NAMES REG.RU LLC
   Whois Server: whois.reg.ru
   Referral URL: http://www.reg.ru

   Server Name: GOOGLE.COM.BEYONDWHOIS.COM
   IP Address: 203.36.226.2
   Registrar: INSTRA CORPORATION PTY, LTD.
   Whois Server: whois.instra.net
   Referral URL: http://www.instra.com

   Server Name: GOOGLE.COM.BR
   Registrar: ENOM, INC.
   Whois Server: whois.enom.com
   Referral URL: http://www.enom.com

   Server Name: GOOGLE.COM.CN
   Registrar: XIN NET TECHNOLOGY CORPORATION
   Whois Server: whois.paycenter.com.cn
   Referral URL: http://www.xinnet.com

   Server Name: GOOGLE.COM.CO
   Registrar: NAMESECURE.COM
   Whois Server: whois.namesecure.com
   Referral URL: http://www.namesecure.com

   Server Name: GOOGLE.COM.DO
   Registrar: GODADDY.COM, LLC
   Whois Server: whois.godaddy.com
   Referral URL: http://registrar.godaddy.com

   Server Name: GOOGLE.COM.FORSALE
   Registrar: NAMESILO, LLC
   Whois Server: whois.namesilo.com
   Referral URL: http://www.namesilo.com

   Server Name: GOOGLE.COM.HACKED.BY.JAPTRON.ES
   Registrar: GODADDY.COM, LLC
   Whois Server: whois.godaddy.com
   Referral URL: http://registrar.godaddy.com

   Server Name: GOOGLE.COM.HANNAHJESSICA.COM
   IP Address: 216.239.32.10
   Registrar: VITALWERKS INTERNET SOLUTIONS LLC DBA NO-IP
   Whois Server: whois.no-ip.com
   Referral URL: http://www.no-ip.com

   Server Name: GOOGLE.COM.HAS.LESS.FREE.PORN.IN.ITS.SEARCH.ENGINE.THAN.SECZY.COM
   IP Address: 209.187.114.130
   Registrar: TUCOWS DOMAINS INC.
   Whois Server: whois.tucows.com
   Referral URL: http://www.tucowsdomains.com

   Server Name: GOOGLE.COM.HK
   Registrar: UK-2 LIMITED
   Whois Server: whois.hostingservicesinc.net
   Referral URL: http://www.uk2group.com

   Server Name: GOOGLE.COM.IS.APPROVED.BY.NUMEA.COM
   IP Address: 213.228.0.43
   Registrar: GANDI SAS
   Whois Server: whois.gandi.net
   Referral URL: http://www.gandi.net

   Server Name: GOOGLE.COM.IS.HOSTED.ON.PROFITHOSTING.NET
   IP Address: 66.49.213.213
   Registrar: NAME.COM, INC.
   Whois Server: whois.name.com
   Referral URL: http://www.name.com

   Server Name: GOOGLE.COM.IS.NOT.HOSTED.BY.ACTIVEDOMAINDNS.NET
   IP Address: 217.148.161.5
   Registrar: HOSTING CONCEPTS B.V. D/B/A OPENPROVIDER
   Whois Server: whois.registrar.eu
   Referral URL: http://www.openprovider.com

   Server Name: GOOGLE.COM.LASERPIPE.COM
   IP Address: 209.85.227.106
   Registrar: REALTIME REGISTER BV
   Whois Server: whois.yoursrs.com
   Referral URL: http://www.realtimeregister.com

   Server Name: GOOGLE.COM.LOLOLOLOLOL.SHTHEAD.COM
   IP Address: 123.123.123.123
   Registrar: CRAZY DOMAINS FZ-LLC
   Whois Server: whois.crazydomains.com
   Referral URL: http://www.crazydomains.com 

   Server Name: GOOGLE.COM.LYRIDZ.COM
   IP Address: 46.137.212.139
   Registrar: GODADDY.COM, LLC
   Whois Server: whois.godaddy.com
   Referral URL: http://registrar.godaddy.com

   Server Name: GOOGLE.COM.MX
   Registrar: PDR LTD. D/B/A PUBLICDOMAINREGISTRY.COM
   Whois Server: whois.PublicDomainRegistry.com
   Referral URL: http://www.PublicDomainRegistry.com

   Server Name: GOOGLE.COM.MY
   Registrar: WILD WEST DOMAINS, LLC
   Whois Server: whois.wildwestdomains.com
   Referral URL: http://www.wildwestdomains.com

   Server Name: GOOGLE.COM.NS1.CHALESHGAR.COM
   IP Address: 8.8.8.8
   Registrar: ENOM, INC.
   Whois Server: whois.enom.com
   Referral URL: http://www.enom.com

   Server Name: GOOGLE.COM.NS2.CHALESHGAR.COM
   IP Address: 8.8.8.8
   Registrar: ENOM, INC.
   Whois Server: whois.enom.com
   Referral URL: http://www.enom.com

   Server Name: GOOGLE.COM.PE
   Registrar: PDR LTD. D/B/A PUBLICDOMAINREGISTRY.COM
   Whois Server: whois.PublicDomainRegistry.com
   Referral URL: http://www.PublicDomainRegistry.com

   Server Name: GOOGLE.COM.PK
   Registrar: BIGROCK SOLUTIONS LIMITED
   Whois Server: Whois.bigrock.com
   Referral URL: http://www.bigrock.com

   Server Name: GOOGLE.COM.RAINGUTTERPRO.COM
   IP Address: 2001:4860:4860:0:0:0:0:8888
   Registrar: GODADDY.COM, LLC
   Whois Server: whois.godaddy.com
   Referral URL: http://registrar.godaddy.com

   Server Name: GOOGLE.COM.SA
   Registrar: OMNIS NETWORK, LLC
   Whois Server: whois.omnis.com
   Referral URL: http://domains.omnis.com

   Server Name: GOOGLE.COM.SHQIPERIA.COM
   IP Address: 70.84.145.107
   Registrar: ENOM, INC.
   Whois Server: whois.enom.com
   Referral URL: http://www.enom.com

   Server Name: GOOGLE.COM.SOUTHBEACHNEEDLEARTISTRY.COM
   IP Address: 74.125.229.52
   Registrar: GODADDY.COM, LLC
   Whois Server: whois.godaddy.com
   Referral URL: http://registrar.godaddy.com

   Server Name: GOOGLE.COM.SPAMMING.IS.UNETHICAL.PLEASE.STOP.THEM.HUAXUEERBAN.COM
   IP Address: 211.64.175.66
   IP Address: 211.64.175.67
   Registrar: GODADDY.COM, LLC
   Whois Server: whois.godaddy.com
   Referral URL: http://registrar.godaddy.com

   Server Name: GOOGLE.COM.SPROSIUYANDEKSA.RU
   Registrar: MELBOURNE IT, LTD. D/B/A INTERNET NAMES WORLDWIDE
   Whois Server: whois.melbourneit.com
   Referral URL: http://www.melbourneit.com

   Server Name: GOOGLE.COM.SUCKS.FIND.CRACKZ.WITH.SEARCH.GULLI.COM
   IP Address: 80.190.192.24
   Registrar: COREHUB, S.R.L.
   Whois Server: whois.corehub.net
   Referral URL: http://www.corehub.net

   Server Name: GOOGLE.COM.TESTZZZZ.3000-RI.COM
   IP Address: 8.8.8.8
   Registrar: MEGAZONE CORP. DBA HOSTING.KR
   Whois Server: whois.hosting.kr
   Referral URL: http://www.hosting.kr

   Server Name: GOOGLE.COM.TR
   Registrar: PDR LTD. D/B/A PUBLICDOMAINREGISTRY.COM
   Whois Server: whois.PublicDomainRegistry.com
   Referral URL: http://www.PublicDomainRegistry.com

   Server Name: GOOGLE.COM.TW
   Registrar: WEB COMMERCE COMMUNICATIONS LIMITED DBA WEBNIC.CC
   Whois Server: whois.webnic.cc
   Referral URL: http://www.webnic.cc

   Server Name: GOOGLE.COM.UA
   Registrar: PDR LTD. D/B/A PUBLICDOMAINREGISTRY.COM
   Whois Server: whois.PublicDomainRegistry.com
   Referral URL: http://www.PublicDomainRegistry.com

   Server Name: GOOGLE.COM.UK
   Registrar: WEBFUSION LTD.
   Whois Server: whois.123-reg.co.uk
   Referral URL: http://www.123-reg.co.uk

   Server Name: GOOGLE.COM.UY
   Registrar: PDR LTD. D/B/A PUBLICDOMAINREGISTRY.COM
   Whois Server: whois.PublicDomainRegistry.com
   Referral URL: http://www.PublicDomainRegistry.com

   Server Name: GOOGLE.COM.VABDAYOFF.COM
   IP Address: 8.8.8.8
   Registrar: DOMAIN.COM, LLC
   Whois Server: whois.domain.com
   Referral URL: http://www.domain.com

   Server Name: GOOGLE.COM.VN
   Registrar: ONLINENIC, INC.
   Whois Server: whois.onlinenic.com
   Referral URL: http://www.OnlineNIC.com

   Server Name: GOOGLE.COM.WORDT.DOOR.VEEL.WHTERS.GEBRUIKT.SERVERTJE.NET
   IP Address: 62.41.27.144
   Registrar: KEY-SYSTEMS GMBH
   Whois Server: whois.rrpproxy.net
   Referral URL: http://www.key-systems.net

   Server Name: GOOGLE.COM.YUCEHOCA.COM
   IP Address: 88.246.115.134
   Registrar: PDR LTD. D/B/A PUBLICDOMAINREGISTRY.COM
   Whois Server: whois.PublicDomainRegistry.com
   Referral URL: http://www.PublicDomainRegistry.com

   Server Name: GOOGLE.COM.YUCEKIRBAC.COM
   IP Address: 88.246.115.134
   Registrar: PDR LTD. D/B/A PUBLICDOMAINREGISTRY.COM
   Whois Server: whois.PublicDomainRegistry.com
   Referral URL: http://www.PublicDomainRegistry.com

   Server Name: GOOGLE.COM.ZNAET.PRODOMEN.COM
   IP Address: 62.149.23.126
   Registrar: PDR LTD. D/B/A PUBLICDOMAINREGISTRY.COM
   Whois Server: whois.PublicDomainRegistry.com
   Referral URL: http://www.PublicDomainRegistry.com

   Server Name: GOOGLE.COM.ZZZZZ.GET.LAID.AT.WWW.SWINGINGCOMMUNITY.COM
   IP Address: 69.41.185.195
   Registrar: TUCOWS DOMAINS INC.
   Whois Server: whois.tucows.com
   Referral URL: http://www.tucowsdomains.com

   Server Name: GOOGLE.COM.ZZZZZZZZZZZZZ.GET.ONE.MILLION.DOLLARS.AT.WWW.UNIMUNDI.COM
   IP Address: 209.126.190.70
   Registrar: PDR LTD. D/B/A PUBLICDOMAINREGISTRY.COM
   Whois Server: whois.PublicDomainRegistry.com
   Referral URL: http://www.PublicDomainRegistry.com

   Server Name: GOOGLE.COM.ZZZZZZZZZZZZZZZZZZZZ.LOLLERSKATES.RENDRAG.NET
   IP Address: 103.235.52.4
   Registrar: ENOM, INC.
   Whois Server: whois.enom.com
   Referral URL: http://www.enom.com

   Domain Name: GOOGLE.COM
   Registrar: MARKMONITOR INC.
   Sponsoring Registrar IANA ID: 292
   Whois Server: whois.markmonitor.com
   Referral URL: http://www.markmonitor.com
   Name Server: NS1.GOOGLE.COM
   Name Server: NS2.GOOGLE.COM
   Name Server: NS3.GOOGLE.COM
   Name Server: NS4.GOOGLE.COM
   Status: clientDeleteProhibited http://www.icann.org/epp#clientDeleteProhibited
   Status: clientTransferProhibited http://www.icann.org/epp#clientTransferProhibited
   Status: clientUpdateProhibited http://www.icann.org/epp#clientUpdateProhibited
   Status: serverDeleteProhibited http://www.icann.org/epp#serverDeleteProhibited
   Status: serverTransferProhibited http://www.icann.org/epp#serverTransferProhibited
   Status: serverUpdateProhibited http://www.icann.org/epp#serverUpdateProhibited
   Updated Date: 20-jul-2011
   Creation Date: 15-sep-1997
   Expiration Date: 14-sep-2020

>>> Last update of whois database: Thu, 26 Feb 2015 00:40:50 GMT <<<

NOTICE: The expiration date displayed in this record is the date the 
registrar's sponsorship of the domain name registration in the registry is 
currently set to expire. This date does not necessarily reflect the expiration 
date of the domain name registrant's agreement with the sponsoring 
registrar.  Users may consult the sponsoring registrar's Whois database to 
view the registrar's reported date of expiration for this registration.

TERMS OF USE: You are not authorized to access or query our Whois 
database through the use of electronic processes that are high-volume and 
automated except as reasonably necessary to register domain names or 
modify existing registrations; the Data in VeriSign Global Registry 
Services' ("VeriSign") Whois database is provided by VeriSign for 
information purposes only, and to assist persons in obtaining information 
about or related to a domain name registration record. VeriSign does not 
guarantee its accuracy. By submitting a Whois query, you agree to abide 
by the following terms of use: You agree that you may use this Data only 
for lawful purposes and that under no circumstances will you use this Data 
to: (1) allow, enable, or otherwise support the transmission of mass 
unsolicited, commercial advertising or solicitations via e-mail, telephone, 
or facsimile; or (2) enable high volume, automated, electronic processes 
that apply to VeriSign (or its computer systems). The compilation, 
repackaging, dissemination or other use of this Data is expressly 
prohibited without the prior written consent of VeriSign. You agree not to 
use electronic processes that are automated and high-volume to access or 
query the Whois database except as reasonably necessary to register 
domain names or modify existing registrations. VeriSign reserves the right 
to restrict your access to the Whois database in its sole discretion to ensure 
operational stability.  VeriSign may restrict or terminate your access to the 
Whois database for failure to abide by these terms of use. VeriSign 
reserves the right to modify these terms at any time. 

The Registry database contains ONLY .COM, .NET, .EDU domains and
Registrars.

For more information on Whois status codes, please visit 
https://www.icann.org/resources/pages/epp-status-codes-2014-06-16-en.
Domain Name: google.com
Registry Domain ID: 2138514_DOMAIN_COM-VRSN
Registrar WHOIS Server: whois.markmonitor.com
Registrar URL: http://www.markmonitor.com
Updated Date: 2014-10-28T12:38:28-0700
Creation Date: 1997-09-15T00:00:00-0700
Registrar Registration Expiration Date: 2020-09-13T21:00:00-0700
Registrar: MarkMonitor, Inc.
Registrar IANA ID: 292
Registrar Abuse Contact Email: abusecomplaints@markmonitor.com
Registrar Abuse Contact Phone: +1.2083895740
Domain Status: clientUpdateProhibited (https://www.icann.org/epp#clientUpdateProhibited)
Domain Status: clientTransferProhibited (https://www.icann.org/epp#clientTransferProhibited)
Domain Status: clientDeleteProhibited (https://www.icann.org/epp#clientDeleteProhibited)
Registry Registrant ID: 
Registrant Name: Dns Admin
Registrant Organization: Google Inc.
Registrant Street: Please contact contact-admin@google.com, 1600 Amphitheatre Parkway
Registrant City: Mountain View
Registrant State/Province: CA
Registrant Postal Code: 94043
Registrant Country: US
Registrant Phone: +1.6502530000
Registrant Phone Ext: 
Registrant Fax: +1.6506188571
Registrant Fax Ext: 
Registrant Email: dns-admin@google.com
Registry Admin ID: 
Admin Name: DNS Admin
Admin Organization: Google Inc.
Admin Street: 1600 Amphitheatre Parkway
Admin City: Mountain View
Admin State/Province: CA
Admin Postal Code: 94043
Admin Country: US
Admin Phone: +1.6506234000
Admin Phone Ext: 
Admin Fax: +1.6506188571
Admin Fax Ext: 
Admin Email: dns-admin@google.com
Registry Tech ID: 
Tech Name: DNS Admin
Tech Organization: Google Inc.
Tech Street: 2400 E. Bayshore Pkwy
Tech City: Mountain View
Tech State/Province: CA
Tech Postal Code: 94043
Tech Country: US
Tech Phone: +1.6503300100
Tech Phone Ext: 
Tech Fax: +1.6506181499
Tech Fax Ext: 
Tech Email: dns-admin@google.com
Name Server: ns2.google.com
Name Server: ns4.google.com
Name Server: ns3.google.com
Name Server: ns1.google.com
DNSSEC: unsigned
URL of the ICANN WHOIS Data Problem Reporting System: http://wdprs.internic.net/
>>> Last update of WHOIS database: 2015-02-25T16:32:35-0800 <<<

The Data in MarkMonitor.com's WHOIS database is provided by MarkMonitor.com for
information purposes, and to assist persons in obtaining information about or
related to a domain name registration record.  MarkMonitor.com does not guarantee
its accuracy.  By submitting a WHOIS query, you agree that you will use this Data
only for lawful purposes and that, under no circumstances will you use this Data to:
 (1) allow, enable, or otherwise support the transmission of mass unsolicited,
     commercial advertising or solicitations via e-mail (spam); or
 (2) enable high volume, automated, electronic processes that apply to
     MarkMonitor.com (or its systems).
MarkMonitor.com reserves the right to modify these terms at any time.
By submitting this query, you agree to abide by this policy.

MarkMonitor is the Global Leader in Online Brand Protection.

MarkMonitor Domain Management(TM)
MarkMonitor Brand Protection(TM)
MarkMonitor AntiPiracy(TM)
MarkMonitor AntiFraud(TM)
Professional and Managed Services

Visit MarkMonitor at http://www.markmonitor.com
Contact us at +1.8007459229
In Europe, at +44.02032062220
--
$ whois google.come.com^C
$ whois izbicki.me
WHOIS TERMS & CONDITIONS: Access to .ME WHOIS information is provided to 
assist persons in determining the contents of a domain name registration 
record in the .ME registry database. The data in this record is provided by 
.ME Registry for informational purposes only, and .ME Registry does not 
guarantee its accuracy. This service is intended only for query-based 
access. You agree that you will use this data only for lawful purposes 
and that, under no circumstances will you use this data to: (a) allow, 
enable, or otherwise support the transmission by e-mail, telephone, 
facsimile, or other electronic processes of mass unsolicited, commercial 
advertising or solicitations to entities other than the data recipient's own 
existing customers; or (b) enable high volume, automated, electronic 
processes that send queries or data to the systems of Registry Operator, 
except as reasonably necessary to register domain names or modify existing 
registrations. All rights reserved. .ME Registry reserves the right to modify 
these terms at any time. By submitting this query, you agree to abide by this 
policy.

Domain ID:D2163898-ME
Domain Name:IZBICKI.ME
Domain Create Date:03-Aug-2011 03:58:42 UTC
Domain Last Updated Date:22-Dec-2014 03:27:04 UTC
Domain Expiration Date:03-Aug-2015 03:58:42 UTC
Last Transferred Date:24-Jul-2013 21:45:03 UTC
Sponsoring Registrar:eNom Inc R32-ME (48)
Created by:PDR Ltd. d/b/a PublicDomainRegistry.com R28-ME (303)
Last Updated by Registrar:eNom Inc R32-ME (48)
Domain Status:CLIENT TRANSFER PROHIBITED
Registrant ID:d9ee765b4f378ec3
Registrant Name:Private Registrant
Registrant Organization:A Happy DreamHost Customer
Registrant Address:417 Associated Rd #324
Registrant Address2:
Registrant Address3:
Registrant City:Brea
Registrant State/Province:CA
Registrant Country/Economy:US
Registrant Postal Code:92821
Registrant Phone:+1.7147064182
Registrant Phone Ext.:
Registrant FAX:
Registrant FAX Ext.:
Registrant E-mail:c8zq9clnxs9qekp@proxy.dreamhost.com
Admin ID:4d08997a991da96d
Admin Name:Private Registrant
Admin Organization:A Happy DreamHost Customer
Admin Address:417 Associated Rd #324
Admin Address2:
Admin Address3:
Admin City:Brea
Admin State/Province:CA
Admin Country/Economy:US
Admin Postal Code:92821
Admin Phone:+1.7147064182
Admin Phone Ext.:
Admin FAX:
Admin FAX Ext.:
Admin E-mail:izbicki.me@proxy.dreamhost.com
Tech ID:4d08997a991da96d
Tech Name:Private Registrant
Tech Organization:A Happy DreamHost Customer
Tech Address:417 Associated Rd #324
Tech Address2:
Tech Address3:
Tech City:Brea
Tech State/Province:CA
Tech Country/Economy:US
Tech Postal Code:92821
Tech Phone:+1.7147064182
Tech Phone Ext.:
Tech FAX:
Tech FAX Ext.:
Tech E-mail:izbicki.me@proxy.dreamhost.com
Nameservers:NS1.DREAMHOST.COM
Nameservers:NS2.DREAMHOST.COM
Nameservers:NS3.DREAMHOST.COM
Nameservers: 
Nameservers: 
Nameservers: 
Nameservers: 
Nameservers: 
Nameservers: 
Nameservers: 
Nameservers: 
Nameservers: 
Nameservers: 
DNSSEC:Unsigned


$ whois google.com^C
$ clear
[H[2J$ whois google.com[1@s[1@e[1@a[1@r[1@c[1@h[1@.google.com`ICANNN ^C
$ traceroute google.com
traceroute to google.com (74.125.224.35), 30 hops max, 60 byte packets
 1  c-some-1-v102.ucr.edu (169.235.132.1)  11.037 ms  11.026 ms  11.019 ms
 2  xmr-telecom-1--te1-2.ucr.edu (138.23.3.89)  4.209 ms  4.205 ms  4.199 ms
 3  dc-riv-agg1--ucr-10ge.cenic.net (137.164.50.69)  4.127 ms  4.137 ms  4.131 ms
 4  dc-lax-agg6--riv-agg4-100ge.cenic.net (137.164.11.2)  9.966 ms  9.960 ms  9.952 ms
 5  74.125.49.165 (74.125.49.165)  9.893 ms  9.897 ms  9.890 ms
 6  216.239.46.40 (216.239.46.40)  9.900 ms  11.587 ms  11.576 ms
 7  209.85.252.149 (209.85.252.149)  14.665 ms  14.676 ms  14.656 ms
 8  lax17s01-in-f3.1e100.net (74.125.224.35)  11.489 ms  11.863 ms  11.825 ms
$ traceroute google.com  n
traceroute to google.cn (173.194.79.160), 30 hops max, 60 byte packets
 1  c-some-1-v102.ucr.edu (169.235.132.1)  3.823 ms  3.822 ms  3.836 ms
 2  xmr-telecom-1--te1-2.ucr.edu (138.23.3.89)  3.748 ms  3.762 ms  3.757 ms
 3  dc-riv-agg1--ucr-10ge.cenic.net (137.164.50.69)  3.757 ms  3.750 ms  3.743 ms
 4  dc-lax-agg6--riv-agg4-100ge.cenic.net (137.164.11.2)  9.901 ms  9.896 ms  9.901 ms
 5  74.125.49.165 (74.125.49.165)  9.821 ms  9.825 ms  9.820 ms
 6  216.239.46.40 (216.239.46.40)  9.832 ms 64.233.174.238 (64.233.174.238)  18.284 ms  18.297 ms
 7  64.233.175.150 (64.233.175.150)  38.687 ms  70.240 ms  73.324 ms
 8  72.14.239.160 (72.14.239.160)  103.993 ms 72.14.239.162 (72.14.239.162)  104.011 ms 72.14.239.160 (72.14.239.160)  103.989 ms
 9  216.239.48.167 (216.239.48.167)  103.994 ms 209.85.143.71 (209.85.143.71)  40.166 ms 66.249.94.109 (66.249.94.109)  34.656 ms
10  * * *
11  pb-in-f160.1e100.net (173.194.79.160)  34.622 ms  34.620 ms  35.040 ms
$ [K$ exit
exit

Script done on Mon Mar  2 15:36:22 2015
