Script started on Wed Feb  4 15:38:04 2015
bash: .profile: No such file or directory
]0;user@userland: ~/proj/ucr-cs100/lecture-notesuser@userland:~/proj/ucr-cs100/lecture-notes$ [24P(reverse-i-search)`': e': exit[1@x': p': export PS1="$ "[1@o': [1@r': ]0;user@userland: ~/proj/ucr-cs100/lecture-notesuser@userland:~/proj/ucr-cs100/lecture-notes$ export PS1="$ "
$ clear
[H[2J$ [K$ [K$ [K$ pwd
/home/user/proj/ucr-cs100/lecture-notes
$ vim jobs
[?1049h[?1h=[1;25r[?12;25h[?12l[?25h[27m[m[H[2J[?25l[25;1H"jobs" [New File][>c[1;1H[33m  1 [m
[1m[34m~                                                                   [3;1H~                                                                   [4;1H~                                                                   [5;1H~                                                                   [6;1H~                                                                   [7;1H~                                                                   [8;1H~                                                                   [9;1H~                                                                   [10;1H~                                                                   [11;1H~                                                                   [12;1H~                                                                   [13;1H~                                                                   [14;1H~                                                                   [15;1H~                                                                   [16;1H~                                                                   [17;1H~                                                                   [18;1H~                                                                   [19;1H~                                                                   [20;1H~                                                                   [21;1H~                                                                   [22;1H~                                                                   [23;1H~                                                                   [24;1H~                                                                   [m[25;51H0,0-1[9CAll]2;jobs (~/proj/ucr-cs100/lecture-notes) - VIM]1;jobs[1;5H[?12l[?25hP+q436f\P+q6b75\P+q6b64\P+q6b72\P+q6b6c\P+q2332\P+q2334\P+q2569\P+q2a37\P+q6b31\[?25l[25;1H[1m-- INSERT --[m[25;13H[K[25;51H0,1[11CAll[1;5H[?12l[?25h[?25lg[25;51H1,2]2;jobs + (~/proj/ucr-cs100/lecture-notes) - VIM]1;jobs[1;6H[?12l[?25h[?25lr[25;53H3[1;7H[?12l[?25h[?25la[25;53H4[1;8H[?12l[?25h[?25ld[25;53H5[1;9H[?12l[?25h[?25lu[25;53H6[1;10H[?12l[?25h[?25la[25;53H7[1;11H[?12l[?25h[?25lt[25;53H8[1;12H[?12l[?25h[?25le[25;53H9[1;13H[?12l[?25h[?25l[25;53H10[1;14H[?12l[?25h[?25ls[25;54H1[1;15H[?12l[?25h[?25lc[25;54H2[1;16H[?12l[?25h[?25lh[25;54H3[1;17H[?12l[?25h[?25lo[25;54H4[1;18H[?12l[?25h[?25lo[25;54H5[1;19H[?12l[?25h[?25ll[25;54H6[1;20H[?12l[?25h[?25l
[33m  2 [m[2;5H[K[25;51H2,1 [2;5H[?12l[?25h[?25l
[33m  3 [m[3;5H[K[25;51H3[3;5H[?12l[?25h[?25lw[25;53H2[3;6H[?12l[?25h[?25lo[25;53H3[3;7H[?12l[?25h[?25lr[25;53H4[3;8H[?12l[?25h[?25lk[25;53H5[3;9H[?12l[?25h[?25l
[33m  4 [m[4;5H[K[25;51H4,1[4;5H[?12l[?25h[?25l
[33m  5 [m[5;5H[K[25;51H5[5;5H[?12l[?25h[?25l*[25;53H2[5;6H[?12l[?25h[?25l[25;53H3[5;7H[?12l[?25h[?25lt[25;53H4[5;8H[?12l[?25h[?25lo[25;53H5[5;9H[?12l[?25h[?25lp[25;53H6[5;10H[?12l[?25h[?25l[25;53H7[5;11H[?12l[?25h[?25lt[25;53H8[5;12H[?12l[?25h[?25li[25;53H9[5;13H[?12l[?25h[?25le[25;53H10[5;14H[?12l[?25h[?25lr[25;54H1[5;15H[?12l[?25h[?25l[25;54H2[5;16H[?12l[?25h[?25lc[25;54H3[5;17H[?12l[?25h[?25lo[25;54H4[5;18H[?12l[?25h[?25lp[25;54H5[5;19H[?12l[?25h[?25lm[25;54H6[5;20H[?12l[?25h[?25la[25;54H7[5;21H[?12l[?25h[?25ln[25;54H8[5;22H[?12l[?25h[?25li[25;54H9[5;23H[?12l[?25h[?25le[25;53H20[5;24H[?12l[?25h[?25ls[25;54H1[5;25H[?12l[?25h[?25l[25;53H12[5;16H[?12l[?25h[?25l[25;54H3[5;17H[?12l[?25h[?25l[25;54H4[5;18H[?12l[?25h[?25l[25;54H5[5;19H[?12l[?25h[?25lmanies[5;24H[K[25;54H4[5;18H[?12l[?25h[?25l[25;54H5[5;19H[?12l[?25h[?25lpanies[25;54H6[5;20H[?12l[?25h[?25l[25;53H21[5;25H[?12l[?25h[?25l[25;54H2[5;26H[?12l[?25h[?25l([25;51H[K[25;51H5,23[10CAll[5;27H[?12l[?25h[?25lj[25;54H4[5;28H[?12l[?25h[?25lu[25;54H5[5;29H[?12l[?25h[?25ls[25;54H6[5;30H[?12l[?25h[?25lt[25;54H7[5;31H[?12l[?25h[?25l[25;54H8[5;32H[?12l[?25h[?25lc[25;54H9[5;33H[?12l[?25h[?25lo[25;53H30[5;34H[?12l[?25h[?25lm[25;54H1[5;35H[?12l[?25h[?25lp[25;54H2[5;36H[?12l[?25h[?25lu[25;54H3[5;37H[?12l[?25h[?25lt[25;54H4[5;38H[?12l[?25h[?25le[25;54H5[5;39H[?12l[?25h[?25lr[25;54H6[5;40H[?12l[?25h[?25l[25;54H7[5;41H[?12l[?25h[?25ls[25;54H8[5;42H[?12l[?25h[?25lc[25;54H9[5;43H[?12l[?25h[?25li[25;53H40[5;44H[?12l[?25h[?25le[25;54H1[5;45H[?12l[?25h[?25ln[25;54H2[5;46H[?12l[?25h[?25lc[25;54H3[5;47H[?12l[?25h[?25le[25;54H4[5;48H[?12l[?25h[?25l)[5;26H[46m([21C)[m[25;51H[K[25;51H5,45[10CAll[5;49H[?12l[?25h[?25l
[33m  6 [m[6;5H[K[5;26H([21C)[25;51H6,1 [6;5H[?12l[?25h[?25l[25;53H5[6;9H[?12l[?25h[?25l*[25;53H6[6;10H[?12l[?25h[?25l[25;53H7[6;11H[?12l[?25h[?25lG[25;53H8[6;12H[?12l[?25h[?25lo[25;53H9[6;13H[?12l[?25h[?25lo[25;53H10[6;14H[?12l[?25h[?25lg[25;54H1[6;15H[?12l[?25h[?25ll[25;54H2[6;16H[?12l[?25h[?25le[25;54H3[6;17H[?12l[?25h[?25l,[25;54H4[6;18H[?12l[?25h[?25l[25;54H5[6;19H[?12l[?25h[?25lM[25;54H6[6;20H[?12l[?25h[?25li[25;54H7[6;21H[?12l[?25h[?25li[25;54H8[6;22H[?12l[?25h[?25lc[25;54H9[6;23H[?12l[?25h[?25lr[25;53H20[6;24H[?12l[?25h[?25l[6;23H[K[25;53H19[6;23H[?12l[?25h[?25l[6;22H[K[25;54H8[6;22H[?12l[?25h[?25l[6;21H[K[25;54H7[6;21H[?12l[?25h[?25lr[25;54H8[6;22H[?12l[?25h[?25lc[25;54H9[6;23H[?12l[?25h[?25lr[25;53H20[6;24H[?12l[?25h[?25lo[25;54H1[6;25H[?12l[?25h[?25ls[25;54H2[6;26H[?12l[?25h[?25lo[25;54H3[6;27H[?12l[?25h[?25lf[25;54H4[6;28H[?12l[?25h[?25lt[25;54H5[6;29H[?12l[?25h[?25l,[25;54H6[6;30H[?12l[?25h[?25l[25;54H7[6;31H[?12l[?25h[?25lI[25;54H8[6;32H[?12l[?25h[?25ln[25;54H9[6;33H[?12l[?25h[?25lt[25;53H30[6;34H[?12l[?25h[?25le[25;54H1[6;35H[?12l[?25h[?25ll[25;54H2[6;36H[?12l[?25h[?25l[25;54H3[6;37H[?12l[?25h[?25l[25;54H2[6;36H[?12l[?25h[?25l,[25;54H3[6;37H[?12l[?25h[?25l[25;54H4[6;38H[?12l[?25h[?25lT[25;54H5[6;39H[?12l[?25h[?25lw[25;54H6[6;40H[?12l[?25h[?25li[25;54H7[6;41H[?12l[?25h[?25lt[25;54H8[6;42H[?12l[?25h[?25lt[25;54H9[6;43H[?12l[?25h[?25le[25;53H40[6;44H[?12l[?25h[?25lr[25;54H1[6;45H[?12l[?25h[?25l,[25;54H2[6;46H[?12l[?25h[?25l[25;54H3[6;47H[?12l[?25h[?25l
[33m  7 [m    [7;9H[K[25;51H7,5 [7;9H[?12l[?25h[?25l
[33m  8 [m    [8;9H[K[25;51H8[8;9H[?12l[?25h[?25l[25;53H4[8;8H[?12l[?25h[?25l[25;53H3[8;7H[?12l[?25h[?25l[25;53H2[8;6H[?12l[?25h[?25l[25;53H1[8;5H[?12l[?25h[?25l[1m[34m~                                                                   [m[25;51H7[7;5H[?12l[?25h[?25l
[33m  8 [m[8;5H[K[25;51H8[8;5H[?12l[?25h[?25l*[25;53H2[8;6H[?12l[?25h[?25l[25;53H3[8;7H[?12l[?25h[?25la[25;53H4[8;8H[?12l[?25h[?25lc[25;53H5[8;9H[?12l[?25h[?25lc[25;53H6[8;10H[?12l[?25h[?25li[25;53H7[8;11H[?12l[?25h[?25ld[25;53H8[8;12H[?12l[?25h[?25le[25;53H9[8;13H[?12l[?25h[?25ln[25;53H10[8;14H[?12l[?25h[?25lt[25;54H1[8;15H[?12l[?25h[?25la[25;54H2[8;16H[?12l[?25h[?25ll[25;54H3[8;17H[?12l[?25h[?25ll[25;54H4[8;18H[?12l[?25h[?25ly[25;54H5[8;19H[?12l[?25h[?25l[25;54H6[8;20H[?12l[?25h[?25lc[25;54H7[8;21H[?12l[?25h[?25lo[25;54H8[8;22H[?12l[?25h[?25lm[25;54H9[8;23H[?12l[?25h[?25lp[25;53H20[8;24H[?12l[?25h[?25lu[25;54H1[8;25H[?12l[?25h[?25lt[25;54H2[8;26H[?12l[?25h[?25le[25;54H3[8;27H[?12l[?25h[?25lr[25;54H4[8;28H[?12l[?25h[?25l[25;54H5[8;29H[?12l[?25h[?25ls[25;54H6[8;30H[?12l[?25h[?25lc[25;54H7[8;31H[?12l[?25h[?25li[25;54H8[8;32H[?12l[?25h[?25le[25;54H9[8;33H[?12l[?25h[?25ln[25;53H30[8;34H[?12l[?25h[?25lc[25;54H1[8;35H[?12l[?25h[?25le[25;54H2[8;36H[?12l[?25h[?25l
[33m  9 [m[9;5H[K[25;51H9,1 [9;5H[?12l[?25h[?25l[25;53H5[9;9H[?12l[?25h[?25l*[25;53H6[9;10H[?12l[?25h[?25l[25;53H7[9;11H[?12l[?25h[?25lb[25;53H8[9;12H[?12l[?25h[?25la[25;53H9[9;13H[?12l[?25h[?25ln[25;53H10[9;14H[?12l[?25h[?25lk[25;54H1[9;15H[?12l[?25h[?25l,[25;54H2[9;16H[?12l[?25h[?25l[25;54H3[9;17H[?12l[?25h[?25l[25;51H8[8;17H[?12l[?25h[?25l[25;51H7,1 [7;5H[?12l[?25h[?25l[25;51H6,13[6;17H[?12l[?25h[?25l[25;53H4[6;47H[?12l[?25h[?25lA[25;54H4[6;48H[?12l[?25h[?25lm[25;54H5[6;49H[?12l[?25h[?25la[25;54H6[6;50H[?12l[?25h[?25lz[25;54H7[6;51H[?12l[?25h[?25lo[25;54H8[6;52H[?12l[?25h[?25ln[25;54H9[6;53H[?12l[?25h[?25l[25;51H7,1 [7;5H[?12l[?25h[?25l[25;51H8,32[8;36H[?12l[?25h[?25l[25;51H9,13[9;17H[?12l[?25h[?25ld[25;54H4[9;18H[?12l[?25h[?25le[25;54H5[9;19H[?12l[?25h[?25lf[25;54H6[9;20H[?12l[?25h[?25le[25;54H7[9;21H[?12l[?25h[?25ln[25;54H8[9;22H[?12l[?25h[?25ls[25;54H9[9;23H[?12l[?25h[?25le[25;53H20[9;24H[?12l[?25h[?25l[25;54H1[9;25H[?12l[?25h[?25l[25;54H0[9;24H[?12l[?25h[?25l[9;23H[K[25;53H19[9;23H[?12l[?25h[?25l[9;22H[K[25;54H8[9;22H[?12l[?25h[?25l[9;21H[K[25;54H7[9;21H[?12l[?25h[?25l[9;20H[K[25;54H6[9;20H[?12l[?25h[?25l[9;19H[K[25;54H5[9;19H[?12l[?25h[?25l[9;18H[K[25;54H4[9;18H[?12l[?25h[?25l[9;17H[K[25;54H3[9;17H[?12l[?25h[?25ls[25;54H4[9;18H[?12l[?25h[?25le[25;54H5[9;19H[?12l[?25h[?25la[25;54H6[9;20H[?12l[?25h[?25lr[25;54H7[9;21H[?12l[?25h[?25ls[25;54H8[9;22H[?12l[?25h[?25l[25;54H9[9;23H[?12l[?25h[?25l[25;54H8[9;22H[?12l[?25h[?25l,[25;54H9[9;23H[?12l[?25h[?25l[25;53H20[9;24H[?12l[?25h[?25ld[25;54H1[9;25H[?12l[?25h[?25le[25;54H2[9;26H[?12l[?25h[?25lf[25;54H3[9;27H[?12l[?25h[?25le[25;54H4[9;28H[?12l[?25h[?25ln[25;54H5[9;29H[?12l[?25h[?25ls[25;54H6[9;30H[?12l[?25h[?25le[25;54H7[9;31H[?12l[?25h[?25l[25;54H8[9;32H[?12l[?25h[?25lc[25;54H9[9;33H[?12l[?25h[?25lo[25;53H30[9;34H[?12l[?25h[?25ln[25;54H1[9;35H[?12l[?25h[?25lt[25;54H2[9;36H[?12l[?25h[?25lr[25;54H3[9;37H[?12l[?25h[?25la[25;54H4[9;38H[?12l[?25h[?25lc[25;54H5[9;39H[?12l[?25h[?25lt[25;54H6[9;40H[?12l[?25h[?25lo[25;54H7[9;41H[?12l[?25h[?25lr[25;54H8[9;42H[?12l[?25h[?25ls[25;54H9[9;43H[?12l[?25h[?25l[25;53H40[9;44H[?12l[?25h[?25l[25;53H28[9;32H[?12l[?25h[?25l[25;54H0[9;24H[?12l[?25h[?25l[25;53H4[9;44H[?12l[?25h[?25l[25;53H39[9;43H[?12l[?25h[?25l,[25;53H40[9;44H[?12l[?25h[?25l[25;54H1[9;45H[?12l[?25h[?25li[25;54H2[9;46H[?12l[?25h[?25ln[25;54H3[9;47H[?12l[?25h[?25ls[25;54H4[9;48H[?12l[?25h[?25lu[25;54H5[9;49H[?12l[?25h[?25lr[25;54H6[9;50H[?12l[?25h[?25la[25;54H7[9;51H[?12l[?25h[?25ln[25;54H8[9;52H[?12l[?25h[?25lc[25;54H9[9;53H[?12l[?25h[?25le[25;53H50[9;54H[?12l[?25h[?25l[25;54H1[9;55H[?12l[?25h[?25l
[33m 10 [m    [10;9H[K[25;51H10,5[10;9H[?12l[?25h[?25l
[33m 11 [m    [11;9H[K[25;52H1[11;9H[?12l[?25h[?25l[25;54H4[11;8H[?12l[?25h[?25l[25;54H3[11;7H[?12l[?25h[?25l[25;54H2[11;6H[?12l[?25h[?25l*[25;54H3[11;7H[?12l[?25h[?25l[25;54H4[11;8H[?12l[?25h[?25lg[25;54H5[11;9H[?12l[?25h[?25la[25;54H6[11;10H[?12l[?25h[?25lm[25;54H7[11;11H[?12l[?25h[?25le[25;54H8[11;12H[?12l[?25h[?25l[25;54H9[11;13H[?12l[?25h[?25lc[25;54H10[11;14H[?12l[?25h[?25lo[25;55H1[11;15H[?12l[?25h[?25lm[25;55H2[11;16H[?12l[?25h[?25lp[25;55H3[11;17H[?12l[?25h[?25la[25;55H4[11;18H[?12l[?25h[?25ln[25;55H5[11;19H[?12l[?25h[?25ly[25;55H6[11;20H[?12l[?25h[?25l
[33m 12 [m [12;6H[K[25;52H2,2 [12;6H[?12l[?25h[?25l[25;54H5[12;9H[?12l[?25h[?25l*[25;54H6[12;10H[?12l[?25h[?25l[25;54H7[12;11H[?12l[?25h[?25li[25;54H8[12;12H[?12l[?25h[?25ln[25;54H9[12;13H[?12l[?25h[?25ld[25;54H10[12;14H[?12l[?25h[?25li[25;55H1[12;15H[?12l[?25h[?25le[25;55H2[12;16H[?12l[?25h[?25l
[33m 13 [m    [13;9H[K[25;52H3,5 [13;9H[?12l[?25h[?25l*[25;54H6[13;10H[?12l[?25h[?25l[25;54H7[13;11H[?12l[?25h[?25lA[25;54H8[13;12H[?12l[?25h[?25lA[25;54H9[13;13H[?12l[?25h[?25lA[25;54H10[13;14H[?12l[?25h[25;1H[K[13;13H[?25l[25;51H13,9[10CAll[13;13H[?12l[?25h[?25l[25;1H[1m-- INSERT --[m[25;51H[K[25;51H14,5[10CAll[14;1H[33m 14 [m    [14;9H[K[14;9H[?12l[?25h[?25l
[33m 15 [m    [15;9H[K[25;52H5[15;9H[?12l[?25h[?25l[25;54H4[15;8H[?12l[?25h[?25l[25;54H3[15;7H[?12l[?25h[?25l[25;54H2[15;6H[?12l[?25h[?25l[25;54H1[15;5H[?12l[?25h[?25l*[25;54H2[15;6H[?12l[?25h[?25l[25;54H3[15;7H[?12l[?25h[?25ls[25;54H4[15;8H[?12l[?25h[?25lt[25;54H5[15;9H[?12l[?25h[?25la[25;54H6[15;10H[?12l[?25h[?25lr[25;54H7[15;11H[?12l[?25h[?25lt[25;54H8[15;12H[?12l[?25h[?25lu[25;54H9[15;13H[?12l[?25h[?25lp[25;54H10[15;14H[?12l[?25h[?25l[25;55H1[15;15H[?12l[?25h[?25lc[25;55H2[15;16H[?12l[?25h[?25lo[25;55H3[15;17H[?12l[?25h[?25lm[25;55H4[15;18H[?12l[?25h[?25lp[25;55H5[15;19H[?12l[?25h[?25la[25;55H6[15;20H[?12l[?25h[?25ln[25;55H7[15;21H[?12l[?25h[?25ly[25;55H8[15;22H[?12l[?25h[?25l
[33m 16 [m[16;5H[K[25;52H6,1 [16;5H[?12l[?25h[?25l[25;54H5[16;9H[?12l[?25h[?25l*[25;54H6[16;10H[?12l[?25h[?25l[25;54H7[16;11H[?12l[?25h[?25lp[25;54H8[16;12H[?12l[?25h[?25la[25;54H9[16;13H[?12l[?25h[?25ls[25;54H10[16;14H[?12l[?25h[?25ls[25;55H1[16;15H[?12l[?25h[?25li[25;55H2[16;16H[?12l[?25h[?25lv[25;55H3[16;17H[?12l[?25h[?25le[25;55H4[16;18H[?12l[?25h[?25l[25;55H5[16;19H[?12l[?25h[?25lc[25;55H6[16;20H[?12l[?25h[?25lo[25;55H7[16;21H[?12l[?25h[?25lm[25;55H8[16;22H[?12l[?25h[?25lp[25;55H9[16;23H[?12l[?25h[?25l[16;22H[K[25;55H8[16;22H[?12l[?25h[?25l[16;21H[K[25;55H7[16;21H[?12l[?25h[?25l[16;20H[K[25;55H6[16;20H[?12l[?25h[?25l[16;19H[K[25;55H5[16;19H[?12l[?25h[?25li[25;55H6[16;20H[?12l[?25h[?25ln[25;55H7[16;21H[?12l[?25h[?25lc[25;55H8[16;22H[?12l[?25h[?25lo[25;55H9[16;23H[?12l[?25h[?25lm[25;54H20[16;24H[?12l[?25h[?25le[25;55H1[16;25H[?12l[?25h[?25l
[33m 17 [m    [17;9H[K[25;52H7,5 [17;9H[?12l[?25h[?25l*[25;54H6[17;10H[?12l[?25h[?25l[25;54H7[17;11H[?12l[?25h[?25lg[25;54H8[17;12H[?12l[?25h[?25lo[25;54H9[17;13H[?12l[?25h[?25lo[25;54H10[17;14H[?12l[?25h[?25lg[25;55H1[17;15H[?12l[?25h[?25ll[25;55H2[17;16H[?12l[?25h[?25le[25;55H3[17;17H[?12l[?25h[?25l/[25;55H4[17;18H[?12l[?25h[?25la[25;55H5[17;19H[?12l[?25h[?25lm[25;55H6[17;20H[?12l[?25h[?25la[25;55H7[17;21H[?12l[?25h[?25la[25;55H8[17;22H[?12l[?25h[?25l[17;21H[K[25;55H7[17;21H[?12l[?25h[?25lz[25;55H8[17;22H[?12l[?25h[?25lo[25;55H9[17;23H[?12l[?25h[?25ln[25;54H20[17;24H[?12l[?25h[?25l/[25;55H1[17;25H[?12l[?25h[?25ld[25;55H2[17;26H[?12l[?25h[?25lr[25;55H3[17;27H[?12l[?25h[?25lo[25;55H4[17;28H[?12l[?25h[?25lp[25;55H5[17;29H[?12l[?25h[?25lb[25;55H6[17;30H[?12l[?25h[?25lo[25;55H7[17;31H[?12l[?25h[?25lx[25;55H8[17;32H[?12l[?25h[?25l[25;52H6,21[16;25H[?12l[?25h[?25l[25;52H5,18[15;22H[?12l[?25h[?25l[25;52H4,1 [14;5H[?12l[?25h[?25l[25;52H3,10[13;14H[?12l[?25h[?25l[25;52H2,12[12;16H[?12l[?25h[?25l[25;52H1,16[11;20H[?12l[?25h[?25l[25;52H0,1 [10;5H[?12l[?25h[?25l[25;51H9,28[9;32H[?12l[?25h[?25l[25;51H8[8;32H[?12l[?25h[?25l[25;51H7,1 [7;5H[?12l[?25h[?25l[25;51H6,28[6;32H[?12l[?25h[?25l[25;51H5[5;32H[?12l[?25h[?25l[25;51H4,1 [4;5H[?12l[?25h[?25l[25;51H3,5[3;9H[?12l[?25h[?25l[25;51H2,1[2;5H[?12l[?25h[?25l[3;5H[K[4;5Hwork[5;5H[K[6;5H* top tier companies (just computer science)[6;49H[K[7;9H* Google, Mircrosoft, Intel, Twitter, Amazon[8;5H[K[9;5H* accidentally computer science[9;36H[K[10;9H* bank, sears, defense contractors, insurance[11;6H[K[12;6H* game company[13;11Hindie[14;9H* AAA[15;5H[K[16;5H* startup company[16;22H[K[17;11Hpassive income[17;25H[K[18;1H[33m 18 [m    * google/amazon/dropbox[18;32H[K[25;51H3[3;5H[?12l[?25h[?25l[25;51H2[2;5H[?12l[?25h[?25l[4;5H[K[5;5Hwork[6;5H[K[7;5H* top tier companies (just computer science)[7;49H[K[8;9H* Google, Mircrosoft, Intel, Twitter, Amazon[9;5H[K[10;5H* accidentally computer science[10;36H[K[11;9H* bank, sears, defense contractors, insurance[12;6H[K[13;6H* game company[14;11Hindie[15;9H* AAA[16;5H[K[17;5H* startup company[17;22H[K[18;11Hpassive income[18;25H[K[19;1H[33m 19 [m    * google/amazon/dropbox[19;32H[K[25;51H3[3;5H[?12l[?25h[?25l[25;53H5[3;9H[?12l[?25h[?25l*[25;53H6[3;10H[?12l[?25h[?25l[25;53H7[3;11H[?12l[?25h[?25lm[25;53H8[3;12H[?12l[?25h[?25la[25;53H9[3;13H[?12l[?25h[?25ls[25;53H10[3;14H[?12l[?25h[?25lt[25;54H1[3;15H[?12l[?25h[?25le[25;54H2[3;16H[?12l[?25h[?25lr[25;54H3[3;17H[?12l[?25h[?25ls[25;54H4[3;18H[?12l[?25h[?25l[5;5H[K[6;5Hwork[7;5H[K[8;5H* top tier companies (just computer science)[8;49H[K[9;9H* Google, Mircrosoft, Intel, Twitter, Amazon[10;5H[K[11;5H* accidentally computer science[11;36H[K[12;9H* bank, sears, defense contractors, insurance[13;6H[K[14;6H* game company[15;11Hindie[16;9H* AAA[17;5H[K[18;5H* startup company[18;22H[K[19;11Hpassive income[19;25H[K[20;1H[33m 20 [m    * google/amazon/dropbox[20;32H[K[25;51H4,5 [4;9H[?12l[?25h[?25l*[25;53H6[4;10H[?12l[?25h[?25l[25;53H7[4;11H[?12l[?25h[?25lp[25;53H8[4;12H[?12l[?25h[?25lh[25;53H9[4;13H[?12l[?25h[?25ld[25;53H10[4;14H[?12l[?25h[?25l[25;51H3[3;14H[?12l[?25h[?25l[25;54H4[3;18H[?12l[?25h[?25l[4;9H[K[5;9H* phd[6;5H[K[7;5Hwork[8;5H[K[9;5H* top tier companies (just computer science)[9;49H[K[10;9H* Google, Mircrosoft, Intel, Twitter, Amazon[11;5H[K[12;5H* accidentally computer science[12;36H[K[13;9H* bank, sears, defense contractors, insurance[14;6H[K[15;6H* game company[16;11Hindie[17;9H* AAA[18;5H[K[19;5H* startup company[19;22H[K[20;11Hpassive income[20;25H[K[21;1H[33m 21 [m    * google/amazon/dropbox[21;32H[K[25;51H4,5 [4;9H[?12l[?25h[?25l[25;51H5[5;9H[?12l[?25h[?25l[25;51H6,1[6;5H[?12l[?25h[?25l[25;51H7,5[7;9H[?12l[?25h[?25l[25;51H6,1[6;5H[?12l[?25h[?25l[25;51H7,5[7;9H[?12l[?25h[?25l[25;51H8,1[8;5H[?12l[?25h[?25l[25;51H9,5[9;9H[?12l[?25h[?25l[25;51H10,5[10;9H[?12l[?25h[?25l[25;52H1,1[11;5H[?12l[?25h[?25l[25;52H2,5[12;9H[?12l[?25h[?25l[25;52H3[13;9H[?12l[?25h[?25l[25;52H4,1[14;5H[?12l[?25h[?25l[25;52H5,5[15;9H[?12l[?25h[?25l[25;52H6[16;9H[?12l[?25h[?25l[25;52H7[17;9H[?12l[?25h[?25l[25;52H8,1[18;5H[?12l[?25h[?25l[25;52H9,5[19;9H[?12l[?25h[?25l[25;51H20[20;9H[?12l[?25h[?25l[25;52H1[21;9H[?12l[?25h[25;1H[K[21;8H[?25l[25;51H21,4[10CAll[21;8H[?12l[?25h[?25l[25;1H[1m-- INSERT --[m[25;51H[K[25;51H22,5[10CAll[22;1H[33m 22 [m    [22;9H[K[22;9H[?12l[?25h[?25l
[33m 23 [m    [23;9H[K[25;52H3[23;9H[?12l[?25h[?25l[25;54H4[23;8H[?12l[?25h[?25l[25;54H3[23;7H[?12l[?25h[?25l[25;54H2[23;6H[?12l[?25h[?25l[25;54H1[23;5H[?12l[?25h[?25l*[25;54H2[23;6H[?12l[?25h[?25l[25;54H3[23;7H[?12l[?25h[?25lq[25;54H4[23;8H[?12l[?25h[?25lu[25;54H5[23;9H[?12l[?25h[?25la[25;54H6[23;10H[?12l[?25h[?25ln[25;54H7[23;11H[?12l[?25h[?25li[25;54H8[23;12H[?12l[?25h[?25lt[25;54H9[23;13H[?12l[?25h[?25la[25;54H10[23;14H[?12l[?25h[?25lt[25;55H1[23;15H[?12l[?25h[?25li[25;55H2[23;16H[?12l[?25h[?25lv[25;55H3[23;17H[?12l[?25h[?25le[25;55H4[23;18H[?12l[?25h[?25l[25;55H5[23;19H[?12l[?25h[?25lf[25;55H6[23;20H[?12l[?25h[?25li[25;55H7[23;21H[?12l[?25h[?25ln[25;55H8[23;22H[?12l[?25h[?25la[25;55H9[23;23H[?12l[?25h[?25ln[25;54H20[23;24H[?12l[?25h[?25lc[25;55H1[23;25H[?12l[?25h[?25le[25;55H2[23;26H[?12l[?25h[?25l
[33m 24 [m[24;5H[K[25;52H4,1 [24;5H[?12l[?25h[?25l[25;54H5[24;9H[?12l[?25h[?25l[1;24r[24;1H
[1;25r[24;1H[33m 25 [m[25;51H[K[25;51H25,5[10CBot[24;9H[?12l[?25h[?25l[1;24r[24;1H
[1;25r[24;1H[33m 26 [m[25;51H[K[25;51H26,5[10CBot[24;9H[?12l[?25h[?25l[1;24r[24;1H
[1;25r[24;1H[33m 27 [m[25;51H[K[25;51H27,5[10CBot[24;9H[?12l[?25h[?25l[1;24r[24;1H
[1;25r[24;1H[33m 28 [m[25;51H[K[25;51H28,5[10CBot[24;9H[?12l[?25h[?25l[1;24r[24;1H
[1;25r[24;1H[33m 29 [m[25;51H[K[25;51H29,5[10CBot[24;9H[?12l[?25h[?25l[1;24r[24;1H
[1;25r[24;1H[33m 30 [m[25;51H[K[25;51H30,5[10CBot[24;9H[?12l[?25h[?25l[1;24r[24;1H
[1;25r[24;1H[33m 31 [m[25;51H[K[25;51H31,5[10CBot[24;9H[?12l[?25h[?25l[1;24r[24;1H
[1;25r[24;1H[33m 32 [m[25;51H[K[25;51H32,5[10CBot[24;9H[?12l[?25h[?25l[25;52H1,1[23;5H[?12l[?25h[?25l[25;52H0[22;5H[?12l[?25h[?25l[25;51H29[21;5H[?12l[?25h[?25l[25;52H8[20;5H[?12l[?25h[?25l[25;52H7[19;5H[?12l[?25h[?25l[25;52H6[18;5H[?12l[?25h[?25l[25;52H5[17;5H[?12l[?25h[?25l[25;52H4,5[16;9H[?12l[?25h[25;1H[K[16;8H[?25l[25;51H24,4[10CBot[16;8H[?12l[?25h[?25l[25;51H[K[25;1H:[?12l[?25hwq[?25l"jobs" [New] 32L, 365C written]2;user@userland: ~/proj/ucr-cs100/lecture-notes]1;user@userland: ~/proj/ucr-cs100/lecture-notes
[?1l>[?12l[?25h[?1049l$ ls
[0m[01;32ma.out[0m             lecture1    [01;32mstupidprogram[0m
bitwise-quiz.cpp  lecture2    test
exec.cpp          lecture4    tmp
file1             lecture5    valgrind.cpp
file2             lecture7    [01;32mwillfail[0m
fileio.cpp        lecture8    willfail.cpp
[01;34mgittest[0m           ls.cpp      [01;32mwillitfail[0m
hw0testcases      macros.cpp  willitfail.cpp
jobs              stat2.cpp   xxxxxxxxxxxxxxxxxxxxxxxxxxxxxxxxxxxx
$ clear
[H[2J$ ls
[0m[01;32ma.out[0m             lecture1    [01;32mstupidprogram[0m
bitwise-quiz.cpp  lecture2    test
exec.cpp          lecture4    tmp
file1             lecture5    valgrind.cpp
file2             lecture7    [01;32mwillfail[0m
fileio.cpp        lecture8    willfail.cpp
[01;34mgittest[0m           ls.cpp      [01;32mwillitfail[0m
hw0testcases      macros.cpp  willitfail.cpp
jobs              stat2.cpp   xxxxxxxxxxxxxxxxxxxxxxxxxxxxxxxxxxxx
$ vim chec,co   k.cpp
[?1049h[?1h=[1;25r[?12;25h[?12l[?25h[27m[m[H[2J[?25l[25;1H"check.cpp" [New File][>c[1;1H[33m  1 [m
[1m[34m~                                                                   [3;1H~                                                                   [4;1H~                                                                   [5;1H~                                                                   [6;1H~                                                                   [7;1H~                                                                   [8;1H~                                                                   [9;1H~                                                                   [10;1H~                                                                   [11;1H~                                                                   [12;1H~                                                                   [13;1H~                                                                   [14;1H~                                                                   [15;1H~                                                                   [16;1H~                                                                   [17;1H~                                                                   [18;1H~                                                                   [19;1H~                                                                   [20;1H~                                                                   [21;1H~                                                                   [22;1H~                                                                   [23;1H~                                                                   [24;1H~                                                                   [m[25;51H0,0-1[9CAll]2;check.cpp (~/proj/ucr-cs100/lecture-notes) - VIM]1;check.cpp[1;5H[?12l[?25hP+q436f\P+q6b75\P+q6b64\P+q6b72\P+q6b6c\P+q2332\P+q2334\P+q2569\P+q2a37\P+q6b31\[?25l[25;1H[1m-- INSERT --[m[25;13H[K[25;51H0,1[11CAll[1;5H[?12l[?25h[?25li[25;51H1,2]2;check.cpp + (~/proj/ucr-cs100/lecture-notes) - VIM]1;check.cpp[1;6H[?12l[?25h[?25ln[25;53H3[1;7H[?12l[?25h[?25l[32mint[m[25;53H4[1;8H[?12l[?25h[?25l[25;53H5[1;9H[?12l[?25h[?25lm[25;53H6[1;10H[?12l[?25h[?25la[25;53H7[1;11H[?12l[?25h[?25li[25;53H8[1;12H[?12l[?25h[?25ln[25;53H9[1;13H[?12l[?25h[?25l([25;51H[K[25;51H1,10[10CAll[1;14H[?12l[?25h[?25l)[46m()[m[25;51H[K[25;51H1,11[10CAll[1;15H[?12l[?25h[?25l
[33m  2 [m[2;5H[K[1;13H()[25;51H2,1 [2;5H[?12l[?25h[?25l{[25;51H[K[25;51H2,2[11CAll[2;6H[?12l[?25h[?25l
[33m  3 [m    [3;9H[K[25;51H3,5[3;9H[?12l[?25h[?25l}[2;5H[46m{[3;5H}[m[25;51H[K[25;51H3,2[11CAll[3;6H[?12l[?25h[?25l[25;51H[K[25;51H2,2[11CAll[2;6H[?12l[?25h[?25l[3;5H[46m [m
[33m  4 [m}[4;6H[K[2;5H{[3;5H [25;51H3,5[3;9H[?12l[?25h[?25lr[25;53H6[3;10H[?12l[?25h[?25le[25;53H7[3;11H[?12l[?25h[?25lt[25;53H8[3;12H[?12l[?25h[?25lu[25;53H9[3;13H[?12l[?25h[?25lr[25;53H10[3;14H[?12l[?25h[?25l[33mreturn[m[25;54H1[3;15H[?12l[?25h[?25l[25;54H2[3;16H[?12l[?25h[?25l[31m0[m[25;54H3[3;17H[?12l[?25h[?25l;[25;54H4[3;18H[?12l[?25h[25;1H[K[3;17H[?25l[25;51H3,13[10CAll[3;17H[?12l[?25h[?25l[25;51H[K[25;1H:[?12l[?25hwq[?25l"check.cpp" [New] 4L, 29C written]2;user@userland: ~/proj/ucr-cs100/lecture-notes]1;user@userland: ~/proj/ucr-cs100/lecture-notes
[?1l>[?12l[?25h[?1049l$ cat check.cpp 
int main()
{
    return 0;
}
$ cppcheck check.cpp 
Checking check.cpp...
$ cppcheck check.cpp $ c[5Pat check.cpp $ [1Pvim check.cpp$ cat check.cpp $ c[5@ppcheck check.cpp $ [Kcppcheck check.cpp $ [Kvim check.cpp 
[?1049h[?1h=[1;25r[?12;25h[?12l[?25h[27m[m[H[2J[?25l[25;1H"check.cpp" 4L, 29C[>c[1;1H[33m  1 [m[32mint[m main()
[33m  2 [m{
[33m  3 [m    [33mreturn[m [31m0[m;
[33m  4 [m}
[1m[34m~                                                                   [6;1H~                                                                   [7;1H~                                                                   [8;1H~                                                                   [9;1H~                                                                   [10;1H~                                                                   [11;1H~                                                                   [12;1H~                                                                   [13;1H~                                                                   [14;1H~                                                                   [15;1H~                                                                   [16;1H~                                                                   [17;1H~                                                                   [18;1H~                                                                   [19;1H~                                                                   [20;1H~                                                                   [21;1H~                                                                   [22;1H~                                                                   [23;1H~                                                                   [24;1H~                                                                   [m[25;51H1,1[11CAll]2;check.cpp (~/proj/ucr-cs100/lecture-notes) - VIM]1;check.cpp[1;5H[?12l[?25hP+q436f\P+q6b75\P+q6b64\P+q6b72\P+q6b6c\P+q2332\P+q2334\P+q2569\P+q2a37\P+q6b31\[?25l[2;5H[46m{[4;5H}[m[25;51H2[2;5H[?12l[?25h[?25l[25;1H[1m-- INSERT --[m[25;13H[K[25;51H3,5[11CTop[3;9H[K[4;5H[46m [m   [33mreturn[m [31m0[m;
[33m  5 [m}[5;6H[K[2;5H{[4;5H ]2;check.cpp + (~/proj/ucr-cs100/lecture-notes) - VIM]1;check.cpp[3;9H[?12l[?25h[?25li[25;53H6[11CAll[3;10H[?12l[?25h[?25ln[25;53H7[3;11H[?12l[?25h[?25l[32mint[m[25;53H8[3;12H[?12l[?25h[?25l[25;53H9[3;13H[?12l[?25h[?25l*[25;53H10[3;14H[?12l[?25h[?25li[25;54H1[3;15H[?12l[?25h[?25l=[25;54H2[3;16H[?12l[?25h[?25ln[25;54H3[3;17H[?12l[?25h[?25le[25;54H4[3;18H[?12l[?25h[?25l[33mnew[m[25;54H5[3;19H[?12l[?25h[?25l[25;54H6[3;20H[?12l[?25h[?25li[25;54H7[3;21H[?12l[?25h[?25ln[25;54H8[3;22H[?12l[?25h[?25l[32mint[m[25;54H9[3;23H[?12l[?25h[?25l[[4;17H[1m[37m[41m;[m[25;51H[K[25;51H3,20[10CAll[3;24H[?12l[?25h[?25l[31m1[m[25;54H1[3;25H[?12l[?25h[?25l[31m0[m[25;54H2[3;26H[?12l[?25h[?25l[31m2[m[25;54H3[3;27H[?12l[?25h[?25l[31m5[m[25;54H4[3;28H[?12l[?25h[?25l[3;27H[K[25;54H3[3;27H[?12l[?25h[?25l[31m4[m[25;54H4[3;28H[?12l[?25h[?25l][4;17H;[3;23H[46m[[4C][m[25;51H[K[25;51H3,25[10CAll[3;29H[?12l[?25h[?25l([3;23H[[4C][25;51H[K[25;51H3,26[10CAll[3;30H[?12l[?25h[?25l)[46m()[m[25;51H[K[25;51H3,27[10CAll[3;31H[?12l[?25h[?25l;()[25;54H8[3;32H[?12l[?25h[25;1H[K[3;31H[?25l[25;51H3,27[10CAll[3;31H[?12l[?25h[?25l[25;51H[K[25;1H:[?12l[?25hw[?25l"check.cpp" 5L, 57C written[23C3,27[10CAll]2;check.cpp (~/proj/ucr-cs100/lecture-notes) - VIM]1;check.cpp[25;51H[K[25;51H3,27[10CAll[3;31H[?12l[?25h[?25l[?12l[?25h[?25l[25;1H[K[25;1H:[?12l[?25hwq[?25l"check.cpp" 5L, 57C written]2;user@userland: ~/proj/ucr-cs100/lecture-notes]1;user@userland: ~/proj/ucr-cs100/lecture-notes
[?1l>[?12l[?25h[?1049l$ vim check.cpp $ [5@cppcheck check.cpp $ [5Pvim check.cpp $ [Kclear
[H[2J$ clear$ vim check.cpp $ [5@cppcheck check.cpp 
Checking check.cpp...
[check.cpp:4]: (error) Memory leak: i
$ cppcheck check.cpp $ clear[K$ vim check.cpp 
[?1049h[?1h=[1;25r[?12;25h[?12l[?25h[27m[m[H[2J[?25l[25;1H"check.cpp" 5L, 57C[>c[1;1H[33m  1 [m[32mint[m main()
[33m  2 [m{
[33m  3 [m    [32mint[m *i=[33mnew[m [32mint[m[[31m1024[m]();
[33m  4 [m    [33mreturn[m [31m0[m;
[33m  5 [m}
[1m[34m~                                                                   [7;1H~                                                                   [8;1H~                                                                   [9;1H~                                                                   [10;1H~                                                                   [11;1H~                                                                   [12;1H~                                                                   [13;1H~                                                                   [14;1H~                                                                   [15;1H~                                                                   [16;1H~                                                                   [17;1H~                                                                   [18;1H~                                                                   [19;1H~                                                                   [20;1H~                                                                   [21;1H~                                                                   [22;1H~                                                                   [23;1H~                                                                   [24;1H~                                                                   [m[25;51H1,1[11CAll]2;check.cpp (~/proj/ucr-cs100/lecture-notes) - VIM]1;check.cpp[1;5H[?12l[?25hP+q436f\P+q6b75\P+q6b64\P+q6b72\P+q6b6c\P+q2332\P+q2334\P+q2569\P+q2a37\P+q6b31\[?25l[2;5H[46m{[5;5H}[m[25;51H2[2;5H[?12l[?25h[?25l{[5;5H}[25;51H3[3;5H[?12l[?25h[?25l    [33mreturn[m [31m0[m;[3;18H[K[4;5H}[4;9H[K[5;1H[1m[34m~                                                                   ]2;check.cpp + (~/proj/ucr-cs100/lecture-notes) - VIM]1;check.cpp[m[25;53H5[3;9H[?12l[?25h[?25l[25;1H[1m-- INSERT --[m[25;13H[K[25;51H3,5[11CTop[3;9H[K[4;5H    [33mreturn[m [31m0[m;
[33m  5 [m}[5;6H[K[3;9H[?12l[?25h[?25li[25;53H6[11CAll[3;10H[?12l[?25h[?25ln[25;53H7[3;11H[?12l[?25h[?25l[32mint[m[25;53H8[3;12H[?12l[?25h[?25l[25;53H9[3;13H[?12l[?25h[?25lb[25;53H10[3;14H[?12l[?25h[?25lu[25;54H1[3;15H[?12l[?25h[?25lf[25;54H2[3;16H[?12l[?25h[?25l[[4;17H[1m[37m[41m;[m[25;51H[K[25;51H3,13[10CAll[3;17H[?12l[?25h[?25l[31m0[m[25;54H4[3;18H[?12l[?25h[?25l][4;17H;[3;16H[46m[[1C][m[25;51H[K[25;51H3,15[10CAll[3;19H[?12l[?25h[?25l[3;18H[K[4;17H[1m[37m[41m;[m[3;16H[[25;54H4[3;18H[?12l[?25h[?25l[3;17H[K[25;51H[K[25;51H3,13[10CAll[3;17H[?12l[?25h[?25l[31m1[m[25;54H4[3;18H[?12l[?25h[?25l[31m0[m[25;54H5[3;19H[?12l[?25h[?25l][4;17H;[3;16H[46m[[2C][m[25;51H[K[25;51H3,16[10CAll[3;20H[?12l[?25h[?25l;[[2C][25;54H7[3;21H[?12l[?25h[?25l[4;9H[K[5;5H    [33mreturn[m [31m0[m;
[33m  6 [m}[6;6H[K[25;51H4,5 [4;9H[?12l[?25h[?25lf[25;53H6[4;10H[?12l[?25h[?25lo[25;53H7[4;11H[?12l[?25h[?25l[33mfor[m[25;53H8[4;12H[?12l[?25h[?25l[25;53H9[4;13H[?12l[?25h[?25l([25;51H[K[25;51H4,10[10CAll[4;14H[?12l[?25h[?25li[25;54H1[4;15H[?12l[?25h[?25li[25;54H2[4;16H[?12l[?25h[?25ln[25;54H3[4;17H[?12l[?25h[?25lt[25;54H4[4;18H[?12l[?25h[?25l[25;54H5[4;19H[?12l[?25h[?25l[25;54H4[4;18H[?12l[?25h[?25l[4;17H[K[25;54H3[4;17H[?12l[?25h[?25l[4;16H[K[25;54H2[4;16H[?12l[?25h[?25l[4;15H[K[25;54H1[4;15H[?12l[?25h[?25ln[25;54H2[4;16H[?12l[?25h[?25l[32mint[m[25;54H3[4;17H[?12l[?25h[?25l[25;54H4[4;18H[?12l[?25h[?25li[25;54H5[4;19H[?12l[?25h[?25l=[25;54H6[4;20H[?12l[?25h[?25l[31m0[m[25;54H7[4;21H[?12l[?25h[?25l;[25;54H8[4;22H[?12l[?25h[?25l[25;54H9[4;23H[?12l[?25h[?25li[25;53H20[4;24H[?12l[?25h[?25l<[25;54H1[4;25H[?12l[?25h[?25l=[25;54H2[4;26H[?12l[?25h[?25l[31m1[m[25;54H3[4;27H[?12l[?25h[?25l[31m0[m[25;54H4[4;28H[?12l[?25h[?25l;[25;54H5[4;29H[?12l[?25h[?25l[25;54H6[4;30H[?12l[?25h[?25li[25;54H7[4;31H[?12l[?25h[?25l+[25;54H8[4;32H[?12l[?25h[?25l+[25;54H9[4;33H[?12l[?25h[?25l)[4;13H[46m([19C)[m[25;51H[K[25;51H4,30[10CAll[4;34H[?12l[?25h[?25l[4;13H([19C)[25;54H1[4;35H[?12l[?25h[?25l{[46m{[6;5H}[m[25;51H[K[25;51H4,32[10CAll[4;36H[?12l[?25h[?25l[5;9H    [5;13H[K[6;5H[46m [m   [33mreturn[m [31m0[m;
[33m  7 [m}[7;6H[K[4;35H{[6;5H [25;51H5,9 [5;13H[?12l[?25h[?25l}[4;35H[46m{[5;9H}[m[25;51H[K[25;51H5,6[11CAll[5;10H[?12l[?25h[?25l[4;35H{[5;9H}[25;51H4[4;10H[?12l[?25h[?25l[25C[46m{[5;9H}[m[25;51H[K[25;51H4,32[10CAll[4;36H[?12l[?25h[?25l[5;9H[46m [m[6;9H}[6;10H[K[7;5H    [33mreturn[m [31m0[m;
[33m  8 [m}[8;6H[K[4;35H{[5;9H [25;51H5,9 [5;13H[?12l[?25h[?25lb[25;53H10[5;14H[?12l[?25h[?25lu[25;54H1[5;15H[?12l[?25h[?25lf[25;54H2[5;16H[?12l[?25h[?25l[[25;51H[K[25;51H5,13[10CAll[5;17H[?12l[?25h[?25li[25;54H4[5;18H[?12l[?25h[?25l][46m[[mi[46m][m[25;51H[K[25;51H5,15[10CAll[5;19H[?12l[?25h[?25l=[i][25;54H6[5;20H[?12l[?25h[?25l[31m0[m[25;54H7[5;21H[?12l[?25h[?25l;[25;54H8[5;22H[?12l[?25h[25;1H[K[5;21H[?25l[25;51H5,17[10CAll[5;21H[?12l[?25h[?25l[25;51H[K[25;1H:[?12l[?25hw[?25l"check.cpp" 8L, 102C written[22C5,17[10CAll]2;check.cpp (~/proj/ucr-cs100/lecture-notes) - VIM]1;check.cpp[25;51H[K[25;51H5,17[10CAll[5;21H[?12l[?25h[?25l[25;1H[K[25;1H:[?12l[?25hwq[?25l"check.cpp" 8L, 102C written]2;user@userland: ~/proj/ucr-cs100/lecture-notes]1;user@userland: ~/proj/ucr-cs100/lecture-notes
[?1l>[?12l[?25h[?1049l$ vim check.cpp $ [5@cppcheck check.cpp 
Checking check.cpp...
[check.cpp:5]: (error) Buffer access out-of-bounds: buf
$ cppcheck check.cpp $ [5Pvim check.cpp 
[?1049h[?1h=[1;25r[?12;25h[?12l[?25h[27m[m[H[2J[?25l[25;1H"check.cpp" 8L, 102C[>c[1;1H[33m  1 [m[32mint[m main()
[33m  2 [m{
[33m  3 [m    [32mint[m buf[[31m10[m];
[33m  4 [m    [33mfor[m ([32mint[m i=[31m0[m; i<=[31m10[m; i++) {
[33m  5 [m[8Cbuf[i]=[31m0[m;
[33m  6 [m    }
[33m  7 [m    [33mreturn[m [31m0[m;
[33m  8 [m}
[1m[34m~                                                                   [10;1H~                                                                   [11;1H~                                                                   [12;1H~                                                                   [13;1H~                                                                   [14;1H~                                                                   [15;1H~                                                                   [16;1H~                                                                   [17;1H~                                                                   [18;1H~                                                                   [19;1H~                                                                   [20;1H~                                                                   [21;1H~                                                                   [22;1H~                                                                   [23;1H~                                                                   [24;1H~                                                                   [m[25;51H1,1[11CAll]2;check.cpp (~/proj/ucr-cs100/lecture-notes) - VIM]1;check.cpp[1;5H[?12l[?25hP+q436f\P+q6b75\P+q6b64\P+q6b72\P+q6b6c\P+q2332\P+q2334\P+q2569\P+q2a37\P+q6b31\[?25l[25;1H[K[25;1H:[?12l[?25hwq[?25l"check.cpp" 8L, 102C written]2;user@userland: ~/proj/ucr-cs100/lecture-notes]1;user@userland: ~/proj/ucr-cs100/lecture-notes
[?1l>[?12l[?25h[?1049l$ clear
[H[2J$ ls  pwd
/home/user/proj/ucr-cs100/lecture-notes
$ cd ... 
$ ls
LICENSE    [0m[01;34massignments[0m  [01;34mlecture-notes[0m  [01;34mpeople[0m   [01;34mtextbook[0m   [01;34mvideos[0m
README.md  [01;34mgitlearn[0m     [01;34mnotes[0m          [01;34mscratch[0m  [01;34mtutorials[0m
$ ls sc  got  itlearn/scripts/
[0m[01;32manalyzedata.sh[0m    [01;32mgradeassignment-all.sh[0m            [01;34mmoss[0m
[01;32mcalcgrade.sh[0m      [01;32mgradeassignment-individual.sh[0m     [01;32mrmcomments.sh[0m
[01;32mchecksyscalls.sh[0m  [01;32minstructortools-addgrader.sh[0m
[01;32mconfig.sh[0m         [01;32minstructortools-viewallgrades.sh[0m
$ vim lecture-notes/$ [2@ls gitlearn/scripts/$ [2Pvim lecture-notes/
.env.cpp.swp
.func.cpp.swp
.hw0testcases.swp
.map.cpp.swp
.signals.cpp.swp
.sort.cpp.swp
a.out
bitwise-quiz.cpp
check.cpp
exec.cpp
file1
file2
fileio.cpp
gittest/
hw0testcases
jobs
lecture1
lecture2
lecture4
lecture5
lecture7
lecture8
ls.cpp
macros.cpp
--More--[K$ vim lecture-notes/check.cpp 
[?1049h[?1h=[1;25r[?12;25h[?12l[?25h[27m[m[H[2J[?25l[25;1H"lecture-notes/check.cpp" 8L, 102C[>c[1;1H[33m  1 [m[32mint[m main()
[33m  2 [m{
[33m  3 [m    [32mint[m buf[[31m10[m];
[33m  4 [m    [33mfor[m ([32mint[m i=[31m0[m; i<=[31m10[m; i++) {
[33m  5 [m[8Cbuf[i]=[31m0[m;
[33m  6 [m    }
[33m  7 [m    [33mreturn[m [31m0[m;
[33m  8 [m}
[1m[34m~                                                                   [10;1H~                                                                   [11;1H~                                                                   [12;1H~                                                                   [13;1H~                                                                   [14;1H~                                                                   [15;1H~                                                                   [16;1H~                                                                   [17;1H~                                                                   [18;1H~                                                                   [19;1H~                                                                   [20;1H~                                                                   [21;1H~                                                                   [22;1H~                                                                   [23;1H~                                                                   [24;1H~                                                                   [m[25;51H1,1[11CAll]2;check.cpp (~/proj/ucr-cs100/lecture-notes) - VIM]1;check.cpp[1;5H[?12l[?25hP+q436f\P+q6b75\P+q6b64\P+q6b72\P+q6b6c\P+q2332\P+q2334\P+q2569\P+q2a37\P+q6b31\[?25l[25;1H[K[25;1H:[?12l[?25hq[?25l]2;user@userland: ~/proj/ucr-cs100/lecture-notes]1;user@userland: ~/proj/ucr-cs100/lecture-notes[25;1H[K[25;1H[?1l>[?12l[?25h[?1049l$ ./gitlearn/scripts/checksyscalls.sh lecture-notes/check.cpp 
running local gitlearn at location [/home/user/proj/ucr-cs100]
./gitlearn/scripts/checksyscalls.sh: line 106: scripts/rmcomments.sh: No such file or directory
./gitlearn/scripts/checksyscalls.sh: line 110: scripts/rmcomments.sh: No such file or directory

lines with syscalls:
  
  
  

summary:
  number of syscalls... 1
  number of perror..... 1
  grade modifier....... -0
$ cd gitlearn/
$ cd gitlearn/$ ./gitlearn/scripts/checksyscalls.sh lecture-notes/check.cpp $ [1P[1P[1P[1P[1P[1P[1P[1P[1P[1P[1@./scripts/checksyscalls.sh [1@.[1@.[1@/
running local gitlearn at location [/home/user/proj/ucr-cs100/gitlearn]
error: this does not appear to be a valid gitlearn configuration

lines with syscalls:
  
  
  

summary:
  number of syscalls... 1
  number of perror..... 1
  grade modifier....... -0
$ cd scripts/
$ ls
[0m[01;32manalyzedata.sh[0m    [01;32mgradeassignment-all.sh[0m            [01;34mmoss[0m
[01;32mcalcgrade.sh[0m      [01;32mgradeassignment-individual.sh[0m     [01;32mrmcomments.sh[0m
[01;32mchecksyscalls.sh[0m  [01;32minstructortools-addgrader.sh[0m
[01;32mconfig.sh[0m         [01;32minstructortools-viewallgrades.sh[0m
$ lscd scripts/$ ./scripts/checksyscalls.sh ../lecture-notes/check.cpp $ ./scripts/[1P[1P[1P[1P[1P[1P[1P[1Pchecksyscalls.sh ..[1@...[1@.[1@/$ ./checksyscalls.sh ../../lecture-notes$ ./checksyscalls.sh$ ./checksyscalls.sh ../../lecture-notes
running local gitlearn at location [/home/user/proj/ucr-cs100/gitlearn/scripts]
error: this does not appear to be a valid gitlearn configuration
cat: ../../lecture-notes/check.cpp: No such file or directory
cat: ../../lecture-notes/check.cpp: No such file or directory

lines with syscalls:
  
  
  

summary:
  number of syscalls... 1
  number of perror..... 1
  grade modifier....... -0
$ ./checksyscalls.sh ../../lecture-notes/check.cpp                             /
.git        .gitignore  LICENSE     README.md   scripts/
$ ./checksyscalls.sh ..///  ../
.git/          README.md      notes/         tutorials/
.gitignore     assignments/   people/        videos/
.gitmodules    gitlearn/      scratch/       
LICENSE        lecture-notes/ textbook/      
$ ./checksyscalls.sh ../../lecture-notes/check.cpp 
running local gitlearn at location [/home/user/proj/ucr-cs100/gitlearn/scripts]
error: this does not appear to be a valid gitlearn configuration
cat: ../../lecture-notes/check.cpp: No such file or directory
cat: ../../lecture-notes/check.cpp: No such file or directory

lines with syscalls:
  
  
  

summary:
  number of syscalls... 1
  number of perror..... 1
  grade modifier....... -0
$ [K$ exit
exit

Script done on Wed Feb  4 16:58:35 2015
