Script started on Mon 28 Jul 2014 03:24:07 PM PDT
]0;user@userland: ~/gittestuser@userland:~/gittest$ git init
Initialized empty Git repository in /home/user/gittest/.git/
]0;user@userland: ~/gittestuser@userland:~/gittest$ ls
gittest
]0;user@userland: ~/gittestuser@userland:~/gittest$ ls -l
total 0
-rw-r--r-- 1 user user 0 Jul 28 15:24 gittest
]0;user@userland: ~/gittestuser@userland:~/gittest$ ls -l[Kls -l[Ka
[0m[01;34m.[0m  [01;34m..[0m  [01;34m.git[0m  gittest
]0;user@userland: ~/gittestuser@userland:~/gittest$  cd ..
]0;user@userland: ~user@userland:~$ cd gittest/
]0;user@userland: ~/gittestuser@userland:~/gittest$ cd .
]0;user@userland: ~/gittestuser@userland:~/gittest$ ls[K[K./ls[K[K[K[Kcd ..
]0;user@userland: ~user@userland:~$ ;s
bash: syntax error near unexpected token `;'
]0;user@userland: ~user@userland:~$ ls
[0m[01;34mblog[0m  [01;34mdownload[0m  file     [01;34mimg[0m       [01;34mpapers[0m  [01;34mtmp[0m
[01;36mdocs[0m  [01;34mDropbox[0m   [01;34mgittest[0m  lecture1  [01;34mproj[0m
]0;user@userland: ~user@userland:~$ ls -a
[0m[01;34m.[0m              [01;34m.gconf[0m            [01;34m.local.old[0m        .swp
[01;34m..[0m             [01;34m.ghc[0m              [01;34m.lyx[0m              [01;34m.texmf-var[0m
[01;34m.adobe[0m         [01;34m.gimp-2.8[0m         [01;34m.macromedia[0m       [01;34m.thumbnails[0m
[01;34m.balsa[0m         .gitconfig        [01;34m.matplotlib[0m       [01;34mtmp[0m
.bash_history  [01;34mgittest[0m           [01;34m.mission-control[0m  [01;34m.urxvt[0m
.bash_logout   .gksu.lock        [01;34m.mozilla[0m          [01;34m.vim[0m
.bashrc        [01;34m.gnome2[0m           [01;34m.mplayer[0m          .viminfo
[01;34mblog[0m           [01;34m.gnome2.old[0m       .octave_hist      .vimrc
[01;34m.cabal[0m         [01;34m.gnome2_private[0m   [01;34m.openoffice[0m       [01;34m.wicd[0m
[01;34m.cache[0m         .gnuplot_history  [01;34mpapers[0m            [01;34m.wireshark[0m
[01;34m.config[0m        .gnuplot-wxt      [01;34m.pki[0m              .Xauthority
[01;34m.dbus[0m          [01;34m.gstreamer-0.10[0m   .profile          [01;34m.xchat[0m
[01;34m.ddd[0m           .gtk-bookmarks    [01;34mproj[0m              [01;34m.xchat2[0m
[01;34m.debug[0m         [01;34m.gvfs[0m             [01;34m.pulse[0m            .xinitrc.backup
.dmenu_cache   .ICEauthority     .pulse-cookie     [01;34m.xinitrc.old[0m
[01;36mdocs[0m           [01;34m.icedove[0m          [01;34m.R[0m                .xmobarrc
[01;34mdownload[0m       [01;34m.idris[0m            .RData            [01;34m.xmonad[0m
[01;34m.dropbox[0m       [01;34mimg[0m               .Renviron         [01;32m.xsession[0m
[01;34mDropbox[0m        [01;34m.kde[0m              .Rhistory         .xsession-errors
[01;34m.dropbox-dist[0m  lecture1          [01;34m.ssh[0m              .xsession-errors.old
[01;34m.emacs.d[0m       .lesshst          [01;34m.subversion[0m
file           [01;34m.links2[0m           .swn
[01;34m.fontconfig[0m    [01;34m.local[0m            .swo
]0;user@userland: ~user@userland:~$ cd gittest
]0;user@userland: ~/gittestuser@userland:~/gittest$ cd[K[Kclear
[H[2J]0;user@userland: ~/gittestuser@userland:~/gittest$ ls -a
[0m[01;34m.[0m  [01;34m..[0m  [01;34m.git[0m  gittest
]0;user@userland: ~/gittestuser@userland:~/gittest$ git add [K[K[K[K[K[K[K[Ktouch main.cpp
]0;user@userland: ~/gittestuser@userland:~/gittest$ cat main.cpp
]0;user@userland: ~/gittestuser@userland:~/gittest$ ls
gittest  main.cpp
]0;user@userland: ~/gittestuser@userland:~/gittest$ git add main.cpp
]0;user@userland: ~/gittestuser@userland:~/gittest$ git commir[Kt 
[?1049h[?1h=[1;29r[?12;25h[?12l[?25h[27m[m[H[2J[?25l[29;1H".git/COMMIT_EDITMSG" 16L, 377C[>c[1;1H[33m  1 
  2 [m[34m# Please enter the commit message for your changes. Lines starting[m
[33m  3 [m[34m# with '#' will be ignored, and an empty message aborts the commit.[m
[33m  4 [m[34m# On branch [m[35mmaster[m
[33m  5 [m[34m#[m
[33m  6 [m[34m# Initial commit[m
[33m  7 [m[34m#[m
[33m  8 [m[34m# [m[35mChanges to be committed:[m
[33m  9 [m[34m#   (use "git rm --cached <file>..." to unstage)[m
[33m 10 [m[34m#[m
[33m 11 [m[34m#   [m[32mnew file[m[34m: [m[31m  main.cpp[m
[33m 12 [m[34m#[m
[33m 13 [m[34m# [m[35mUntracked files:[m
[33m 14 [m[34m#   (use "git add <file>..." to include in what will be committed)[m
[33m 15 [m[34m#[m
[33m 16 [m[34m#   [m[31mgittest[m
[1m[34m~                                                                            [18;1H~                                                                            [19;1H~                                                                            [20;1H~                                                                            [21;1H~                                                                            [22;1H~                                                                            [23;1H~                                                                            [24;1H~                                                                            [25;1H~                                                                            [26;1H~                                                                            [27;1H~                                                                            [28;1H~                                                                            [m[29;60H1,0-1[9CAll]2;COMMIT_EDITMSG (~/gittest/.git) - VIM]1;COMMIT_EDITMSG[1;5H[?12l[?25hP+q436f\P+q6b75\P+q6b64\P+q6b72\P+q6b6c\P+q2332\P+q2334\P+q2569\P+q2a37\P+q6b31\[?25l[29;1H[1m-- INSERT --[m[29;13H[K[29;60H1,1[11CAll[1;5H[?12l[?25h[?25l[33m m[m[29;62H2]2;COMMIT_EDITMSG + (~/gittest/.git) - VIM]1;COMMIT_EDITMSG[1;6H[?12l[?25h[?25l[33mmy[m[29;62H3[1;7H[?12l[?25h[?25l[33m[44mmy[m[33m [m[29;62H4[1;8H[?12l[?25h[?25l[33m f[m[29;62H5[1;9H[?12l[?25h[?25l[33mfi[m[29;62H6[1;10H[?12l[?25h[?25l[33mir[m[29;62H7[1;11H[?12l[?25h[?25l[33mrs[m[29;62H8[1;12H[?12l[?25h[?25l[33mst[m[29;62H9[1;13H[?12l[?25h[?25l[33m [m[29;62H10[1;14H[?12l[?25h[?25l[33m c[m[29;63H1[1;15H[?12l[?25h[?25l[33mco[m[29;63H2[1;16H[?12l[?25h[?25l[33mom[m[29;63H3[1;17H[?12l[?25h[?25l[33mmm[m[29;63H4[1;18H[?12l[?25h[?25l[33mmi[m[29;63H5[1;19H[?12l[?25h[?25l[33mit[m[29;63H6[1;20H[?12l[?25h[?25l[2;5H[K[3;6H[34m Please enter the commit message for your changes. Lines starting[m[3;71H[K[4;6H[34m with '#' will be ignored, and an empty message aborts the commit.[5;6H On branch [m[35mmaster[m[6;6H[K[7;6H[34m Initial commit[m[8;6H[K[9;6H[34m [m[35mChanges to be committed:[m[9;31H[K[10;6H[34m   (use "git rm --cached <file>..." to unstage)[m[11;6H[K[12;6H[34m   [m[32mnew file[m[34m: [m[31m  main.cpp[m[13;6H[K[14;6H[34m [m[35mUntracked files:[m[14;23H[K[15;6H[34m   (use "git add <file>..." to include in what will be committed)[m[16;6H[K[17;1H[33m 17 [m[34m#   [m[31mgittest[m[17;16H[K[29;60H2,1 [2;5H[?12l[?25h[29;1H[K[2;5H[?25l[29;60H2,0-1[9CAll[2;5H[?12l[?25h[?25l[29;60H[K[29;1H:[?12l[?25hw[?25l[?12l[?25hq[?25l[?12l[?25h[?25l".git/COMMIT_EDITMSG" 17L, 393C written]2;user@userland: ~/gittest]1;user@userland: ~/gittest
[?1l>[?12l[?25h[?1049l[master (root-commit) 0e476fc] my first commit
 0 files changed
 create mode 100644 main.cpp
]0;user@userland: ~/gittestuser@userland:~/gittest$ git tag "mytag"
]0;user@userland: ~/gittestuser@userland:~/gittest$ touch[K[K[K[K[Kmain[K[K[K[Kvim main.cpp 
[?1049h[?1h=[1;29r[?12;25h[?12l[?25h[27m[m[H[2J[?25l[29;1H"main.cpp" 0L, 0C[>c[1;1H[33m  1 [m
[1m[34m~                                                                            [3;1H~                                                                            [4;1H~                                                                            [5;1H~                                                                            [6;1H~                                                                            [7;1H~                                                                            [8;1H~                                                                            [9;1H~                                                                            [10;1H~                                                                            [11;1H~                                                                            [12;1H~                                                                            [13;1H~                                                                            [14;1H~                                                                            [15;1H~                                                                            [16;1H~                                                                            [17;1H~                                                                            [18;1H~                                                                            [19;1H~                                                                            [20;1H~                                                                            [21;1H~                                                                            [22;1H~                                                                            [23;1H~                                                                            [24;1H~                                                                            [25;1H~                                                                            [26;1H~                                                                            [27;1H~                                                                            [28;1H~                                                                            [m[29;60H0,0-1[9CAll]2;main.cpp (~/gittest) - VIM]1;main.cpp[1;5H[?12l[?25hP+q436f\P+q6b75\P+q6b64\P+q6b72\P+q6b6c\P+q2332\P+q2334\P+q2569\P+q2a37\P+q6b31\[?25l[29;1H[1m-- INSERT --[m[29;13H[K[29;60H0,1[11CAll[1;5H[?12l[?25h[?25l[33m [mi[29;60H1,2]2;main.cpp + (~/gittest) - VIM]1;main.cpp[1;6H[?12l[?25h[?25lin[29;62H3[1;7H[?12l[?25h[?25l[32mint[m[29;62H4[1;8H[?12l[?25h[?25l[29;62H5[1;9H[?12l[?25h[?25l m[29;62H6[1;10H[?12l[?25h[?25lma[29;62H7[1;11H[?12l[?25h[?25lai[29;62H8[1;12H[?12l[?25h[?25lin[29;62H9[1;13H[?12l[?25h[?25ln([29;60H[K[29;60H1,10[10CAll[1;14H[?12l[?25h[?25l()[46m()[m[29;60H[K[29;60H1,11[10CAll[1;15H[?12l[?25h[?25l
[33m  2 [m[2;5H[K[1;13H()[29;60H2,1 [2;5H[?12l[?25h[?25l[33m [m{[29;60H[K[29;60H2,2[11CAll[2;6H[?12l[?25h[?25l
[33m  3 [m    [3;9H[K[29;60H3,5[3;9H[?12l[?25h[?25l[3;4H[33m [m}[2;5H[46m{[3;5H}[m[29;60H[K[29;60H3,2[11CAll[3;6H[?12l[?25h[?25l[29;60H[K[29;60H2,2[11CAll[2;6H[?12l[?25h[?25l[3;4H[33m [m[46m [m
[33m  4 [m}[4;6H[K[2;5H{[3;5H [29;60H3,5[3;9H[?12l[?25h[?25l r[29;62H6[3;10H[?12l[?25h[?25lre[29;62H7[3;11H[?12l[?25h[?25let[29;62H8[3;12H[?12l[?25h[?25ltu[29;62H9[3;13H[?12l[?25h[?25lur[29;62H10[3;14H[?12l[?25h[?25l[33mreturn[m[29;63H1[3;15H[?12l[?25h[?25l[29;63H2[3;16H[?12l[?25h[?25l [31m0[m[29;63H3[3;17H[?12l[?25h[?25l[31m0[m;[29;63H4[3;18H[?12l[?25h[29;1H[K[3;17H[?25l[29;60H3,13[10CAll[3;17H[?12l[?25h[?25l[29;60H[K[29;1H:[?12l[?25hw[?25l[?12l[?25hq[?25l[?12l[?25h[?25l"main.cpp" 4L, 29C written]2;user@userland: ~/gittest]1;user@userland: ~/gittest
[?1l>[?12l[?25h[?1049l]0;user@userland: ~/gittestuser@userland:~/gittest$ cat main.cpp 
int main()
{
    return 0;
}
]0;user@userland: ~/gittestuser@userland:~/gittest$ git add main.cpp
]0;user@userland: ~/gittestuser@userland:~/gittest$ git commit
[?1049h[?1h=[1;29r[?12;25h[?12l[?25h[27m[m[H[2J[?25l[29;1H".git/COMMIT_EDITMSG" 13L, 355C[>c[1;1H[33m  1 
  2 [m[34m# Please enter the commit message for your changes. Lines starting[m
[33m  3 [m[34m# with '#' will be ignored, and an empty message aborts the commit.[m
[33m  4 [m[34m# On branch [m[35mmaster[m
[33m  5 [m[34m# [m[35mChanges to be committed:[m
[33m  6 [m[34m#   (use "git reset HEAD <file>..." to unstage)[m
[33m  7 [m[34m#[m
[33m  8 [m[34m#   [m[32mmodified[m[34m: [m[31m  main.cpp[m
[33m  9 [m[34m#[m
[33m 10 [m[34m# [m[35mUntracked files:[m
[33m 11 [m[34m#   (use "git add <file>..." to include in what will be committed)[m
[33m 12 [m[34m#[m
[33m 13 [m[34m#   [m[31mgittest[m
[1m[34m~                                                                            [15;1H~                                                                            [16;1H~                                                                            [17;1H~                                                                            [18;1H~                                                                            [19;1H~                                                                            [20;1H~                                                                            [21;1H~                                                                            [22;1H~                                                                            [23;1H~                                                                            [24;1H~                                                                            [25;1H~                                                                            [26;1H~                                                                            [27;1H~                                                                            [28;1H~                                                                            [m[29;60H1,0-1[9CAll]2;COMMIT_EDITMSG (~/gittest/.git) - VIM]1;COMMIT_EDITMSG[1;5H[?12l[?25hP+q436f\P+q6b75\P+q6b64\P+q6b72\P+q6b6c\P+q2332\P+q2334\P+q2569\P+q2a37\P+q6b31\[?25l[29;1H[1m-- INSERT --[m[29;13H[K[29;60H1,1[11CAll[1;5H[?12l[?25h[?25l[33m u[m[29;62H2]2;COMMIT_EDITMSG + (~/gittest/.git) - VIM]1;COMMIT_EDITMSG[1;6H[?12l[?25h[?25l[33mup[m[29;62H3[1;7H[?12l[?25h[?25l[33mpd[m[29;62H4[1;8H[?12l[?25h[?25l[33mda[m[29;62H5[1;9H[?12l[?25h[?25l[33mat[m[29;62H6[1;10H[?12l[?25h[?25l[33mte[m[29;62H7[1;11H[?12l[?25h[?25l[33med[m[29;62H8[1;12H[?12l[?25h[?25l[1;5H[33m[44mupdated[m[33m [m[29;62H9[1;13H[?12l[?25h[?25l[33m t[m[29;62H10[1;14H[?12l[?25h[?25l[33mth[m[29;63H1[1;15H[?12l[?25h[?25l[33mhe[m[29;63H2[1;16H[?12l[?25h[?25l[33m [m[29;63H3[1;17H[?12l[?25h[?25l[33m n[m[29;63H4[1;18H[?12l[?25h[?25l[33mna[m[29;63H5[1;19H[?12l[?25h[?25l[33mau[m[29;63H6[1;20H[?12l[?25h[?25l[33mub[m[29;63H7[1;21H[?12l[?25h[?25l[1;20H[K[29;63H6[1;20H[?12l[?25h[?25l[1;19H[K[29;63H5[1;19H[?12l[?25h[?25l[1;18H[K[29;63H4[1;18H[?12l[?25h[?25l[1;17H[K[29;63H3[1;17H[?12l[?25h[?25l[33m m[m[29;63H4[1;18H[?12l[?25h[?25l[33mma[m[29;63H5[1;19H[?12l[?25h[?25l[33mai[m[29;63H6[1;20H[?12l[?25h[?25l[33min[m[29;63H7[1;21H[?12l[?25h[?25l[33mn.[m[29;63H8[1;22H[?12l[?25h[?25l[33m.c[m[29;63H9[1;23H[?12l[?25h[?25l[33mcp[m[29;62H20[1;24H[?12l[?25h[?25l[33mpp[m[29;63H1[1;25H[?12l[?25h[?25l[33m[41mcpp[m[2;5H[K[3;6H[34m Please enter the commit message for your changes. Lines starting[m[3;71H[K[4;6H[34m with '#' will be ignored, and an empty message aborts the commit.[5;6H On branch [m[35mmaster[m[5;23H[K[6;6H[34m [m[35mChanges to be committed:[m[6;31H[K[7;6H[34m   (use "git reset HEAD <file>..." to unstage)[m[8;6H[K[9;6H[34m   [m[32mmodified[m[34m: [m[31m  main.cpp[m[10;6H[K[11;6H[34m [m[35mUntracked files:[m[11;23H[K[12;6H[34m   (use "git add <file>..." to include in what will be committed)[m[13;6H[K[14;1H[33m 14 [m[34m#   [m[31mgittest[m[14;16H[K[29;60H2,1 [2;5H[?12l[?25h[29;1H[K[2;5H[?25l[29;60H2,0-1[9CAll[2;5H[?12l[?25h[?25l[29;60H[K[29;1H:[?12l[?25hw[?25l[?12l[?25hq[?25l[?12l[?25h[?25l".git/COMMIT_EDITMSG" 14L, 376C written]2;user@userland: ~/gittest]1;user@userland: ~/gittest
[?1l>[?12l[?25h[?1049l[master 30b3941] updated the main.cpp
 1 file changed, 4 insertions(+)
]0;user@userland: ~/gittestuser@userland:~/gittest$ ls
gittest  main.cpp
]0;user@userland: ~/gittestuser@userland:~/gittest$ cat main.cpp 
int main()
{
    return 0;
}
]0;user@userland: ~/gittestuser@userland:~/gittest$ git checkout mytag
Note: checking out 'mytag'.

You are in 'detached HEAD' state. You can look around, make experimental
changes and commit them, and you can discard any commits you make in this
state without impacting any branches by performing another checkout.

If you want to create a new branch to retain commits you create, you may
do so (now or later) by using -b with the checkout command again. Example:

  git checkout -b new_branch_name

HEAD is now at 0e476fc... my first commit
]0;user@userland: ~/gittestuser@userland:~/gittest$ ls
gittest  main.cpp
]0;user@userland: ~/gittestuser@userland:~/gittest$ cat main.cpp 
]0;user@userland: ~/gittestuser@userland:~/gittest$ git checkout master
Previous HEAD position was 0e476fc... my first commit
Switched to branch 'master'
]0;user@userland: ~/gittestuser@userland:~/gittest$ cat main.cpp
int main()
{
    return 0;
}
]0;user@userland: ~/gittestuser@userland:~/gittest$ git blame main.cpp
[?1h=30b39417 (Mike Izbicki 2014-07-28 15:36:28 -0700 1) int main()[m
30b39417 (Mike Izbicki 2014-07-28 15:36:28 -0700 2) {[m
30b39417 (Mike Izbicki 2014-07-28 15:36:28 -0700 3)     return 0;[m
30b39417 (Mike Izbicki 2014-07-28 15:36:28 -0700 4) }[m
[K[?1l>]0;user@userland: ~/gittestuser@userland:~/gittest$ exit
exit

Script done on Mon 28 Jul 2014 03:44:03 PM PDT
